Component: ARM Compiler 5.06 update 6 (build 750) Tool: armlink [4d35ed]

==============================================================================

Section Cross References

    startup_stm32f103xb.o(STACK) refers (Special) to heapauxi.o(.text) for __use_two_region_memory
    startup_stm32f103xb.o(HEAP) refers (Special) to heapauxi.o(.text) for __use_two_region_memory
    startup_stm32f103xb.o(RESET) refers (Special) to heapauxi.o(.text) for __use_two_region_memory
    startup_stm32f103xb.o(RESET) refers to startup_stm32f103xb.o(STACK) for __initial_sp
    startup_stm32f103xb.o(RESET) refers to startup_stm32f103xb.o(.text) for Reset_Handler
    startup_stm32f103xb.o(RESET) refers to stm32f1xx_it.o(i.NMI_Handler) for NMI_Handler
    startup_stm32f103xb.o(RESET) refers to stm32f1xx_it.o(i.HardFault_Handler) for HardFault_Handler
    startup_stm32f103xb.o(RESET) refers to stm32f1xx_it.o(i.MemManage_Handler) for MemManage_Handler
    startup_stm32f103xb.o(RESET) refers to stm32f1xx_it.o(i.BusFault_Handler) for BusFault_Handler
    startup_stm32f103xb.o(RESET) refers to stm32f1xx_it.o(i.UsageFault_Handler) for UsageFault_Handler
    startup_stm32f103xb.o(RESET) refers to stm32f1xx_it.o(i.SVC_Handler) for SVC_Handler
    startup_stm32f103xb.o(RESET) refers to stm32f1xx_it.o(i.DebugMon_Handler) for DebugMon_Handler
    startup_stm32f103xb.o(RESET) refers to stm32f1xx_it.o(i.PendSV_Handler) for PendSV_Handler
    startup_stm32f103xb.o(RESET) refers to stm32f1xx_it.o(i.SysTick_Handler) for SysTick_Handler
    startup_stm32f103xb.o(RESET) refers to stm32f1xx_it.o(i.DMA1_Channel5_IRQHandler) for DMA1_Channel5_IRQHandler
    startup_stm32f103xb.o(RESET) refers to stm32f1xx_it.o(i.USART1_IRQHandler) for USART1_IRQHandler
    startup_stm32f103xb.o(RESET) refers to stm32f1xx_it.o(i.EXTI15_10_IRQHandler) for EXTI15_10_IRQHandler
    startup_stm32f103xb.o(.text) refers (Special) to heapauxi.o(.text) for __use_two_region_memory
    startup_stm32f103xb.o(.text) refers to system_stm32f1xx.o(i.SystemInit) for SystemInit
    startup_stm32f103xb.o(.text) refers to __main.o(!!!main) for __main
    startup_stm32f103xb.o(.text) refers to startup_stm32f103xb.o(HEAP) for Heap_Mem
    startup_stm32f103xb.o(.text) refers to startup_stm32f103xb.o(STACK) for Stack_Mem
    main.o(i.SystemClock_Config) refers to rt_memclr_w.o(.text) for __aeabi_memclr4
    main.o(i.SystemClock_Config) refers to stm32f1xx_hal_rcc.o(i.HAL_RCC_OscConfig) for HAL_RCC_OscConfig
    main.o(i.SystemClock_Config) refers to stm32f1xx_hal_rcc.o(i.HAL_RCC_ClockConfig) for HAL_RCC_ClockConfig
    main.o(i.SystemClock_Config) refers to stm32f1xx_hal_rcc_ex.o(i.HAL_RCCEx_PeriphCLKConfig) for HAL_RCCEx_PeriphCLKConfig
    main.o(i.main) refers to _printf_percent.o(.ARM.Collect$$_printf_percent$$00000000) for _printf_percent
    main.o(i.main) refers to _printf_d.o(.ARM.Collect$$_printf_percent$$00000009) for _printf_d
    main.o(i.main) refers to _printf_dec.o(.text) for _printf_int_dec
    main.o(i.main) refers to stm32f1xx_hal.o(i.HAL_Init) for HAL_Init
    main.o(i.main) refers to main.o(i.SystemClock_Config) for SystemClock_Config
    main.o(i.main) refers to gpio.o(i.MX_GPIO_Init) for MX_GPIO_Init
    main.o(i.main) refers to dma.o(i.MX_DMA_Init) for MX_DMA_Init
    main.o(i.main) refers to adc.o(i.MX_ADC1_Init) for MX_ADC1_Init
    main.o(i.main) refers to usart.o(i.MX_USART1_UART_Init) for MX_USART1_UART_Init
    main.o(i.main) refers to oled_1315.o(i.OLED_Init) for OLED_Init
    main.o(i.main) refers to oled_1315.o(i.OLED_Clear) for OLED_Clear
    main.o(i.main) refers to oled_1315.o(i.OLED_ShowString) for OLED_ShowString
    main.o(i.main) refers to oled_1315.o(i.OLED_Refresh) for OLED_Refresh
    main.o(i.main) refers to direct_8266.o(i.start_esp8266) for start_esp8266
    main.o(i.main) refers to flash_storage.o(i.Flash_ReadThreshold) for Flash_ReadThreshold
    main.o(i.main) refers to oled_1315.o(i.OLED_ShowNum) for OLED_ShowNum
    main.o(i.main) refers to stm32f1xx_hal_adc.o(i.HAL_ADC_Start) for HAL_ADC_Start
    main.o(i.main) refers to stm32f1xx_hal_adc.o(i.HAL_ADC_PollForConversion) for HAL_ADC_PollForConversion
    main.o(i.main) refers to stm32f1xx_hal_adc.o(i.HAL_ADC_GetValue) for HAL_ADC_GetValue
    main.o(i.main) refers to stm32f1xx_hal_adc.o(i.HAL_ADC_Stop) for HAL_ADC_Stop
    main.o(i.main) refers to stm32f1xx_hal_gpio.o(i.HAL_GPIO_ReadPin) for HAL_GPIO_ReadPin
    main.o(i.main) refers to stm32f1xx_hal_gpio.o(i.HAL_GPIO_WritePin) for HAL_GPIO_WritePin
    main.o(i.main) refers to noretval__2sprintf.o(.text) for __2sprintf
    main.o(i.main) refers to strlen.o(.text) for strlen
    main.o(i.main) refers to direct_8266.o(i.send_wifi) for send_wifi
    main.o(i.main) refers to direct_8266.o(i.handle_esp8266) for handle_esp8266
    main.o(i.main) refers to stm32f1xx_hal.o(i.HAL_Delay) for HAL_Delay
    main.o(i.main) refers to main.o(.data) for .data
    main.o(i.main) refers to direct_8266.o(.data) for set_flag
[...]
    .text                                    0x080005de   Section        0  strtol.o(.text)
    .text                                    0x08000650   Section        8  libspace.o(.text)
    .text                                    0x08000658   Section       16  rt_ctype_table.o(.text)
    .text                                    0x08000668   Section        0  _strtoul.o(.text)
    .text                                    0x08000706   Section       74  sys_stackheap_outer.o(.text)
    .text                                    0x08000750   Section        8  rt_locale_intlibspace.o(.text)
    .text                                    0x08000758   Section        0  _chval.o(.text)
    .text                                    0x08000774   Section        0  exit.o(.text)
    .text                                    0x08000788   Section      128  strcmpv7m.o(.text)
    .text                                    0x08000808   Section        0  sys_exit.o(.text)
    .text                                    0x08000814   Section        2  use_no_semi.o(.text)
    .text                                    0x08000816   Section        0  indicate_semi.o(.text)
    i.ADC_ConversionStop_Disable             0x08000818   Section        0  stm32f1xx_hal_adc.o(i.ADC_ConversionStop_Disable)
    i.ADC_Enable                             0x08000870   Section        0  stm32f1xx_hal_adc.o(i.ADC_Enable)
    i.BusFault_Handler                       0x080008ec   Section        0  stm32f1xx_it.o(i.BusFault_Handler)
    i.DMA1_Channel5_IRQHandler               0x080008f0   Section        0  stm32f1xx_it.o(i.DMA1_Channel5_IRQHandler)
    i.DMA_SetConfig                          0x080008fc   Section        0  stm32f1xx_hal_dma.o(i.DMA_SetConfig)
    DMA_SetConfig                            0x080008fd   Thumb Code    42  stm32f1xx_hal_dma.o(i.DMA_SetConfig)
    i.DebugMon_Handler                       0x08000926   Section        0  stm32f1xx_it.o(i.DebugMon_Handler)
    i.EXTI15_10_IRQHandler                   0x08000928   Section        0  stm32f1xx_it.o(i.EXTI15_10_IRQHandler)
    i.Error_Handler                          0x08000946   Section        0  main.o(i.Error_Handler)
    i.FLASH_MassErase                        0x0800094c   Section        0  stm32f1xx_hal_flash_ex.o(i.FLASH_MassErase)
    FLASH_MassErase                          0x0800094d   Thumb Code    26  stm32f1xx_hal_flash_ex.o(i.FLASH_MassErase)
    i.FLASH_PageErase                        0x08000970   Section        0  stm32f1xx_hal_flash_ex.o(i.FLASH_PageErase)
    i.FLASH_Program_HalfWord                 0x08000994   Section        0  stm32f1xx_hal_flash.o(i.FLASH_Program_HalfWord)
    FLASH_Program_HalfWord                   0x08000995   Thumb Code    20  stm32f1xx_hal_flash.o(i.FLASH_Program_HalfWord)
    i.FLASH_SetErrorCode                     0x080009b0   Section        0  stm32f1xx_hal_flash.o(i.FLASH_SetErrorCode)
    FLASH_SetErrorCode                       0x080009b1   Thumb Code    84  stm32f1xx_hal_flash.o(i.FLASH_SetErrorCode)
    i.FLASH_WaitForLastOperation             0x08000a0c   Section        0  stm32f1xx_hal_flash.o(i.FLASH_WaitForLastOperation)
    i.Flash_ReadThreshold                    0x08000a60   Section        0  flash_storage.o(i.Flash_ReadThreshold)
    i.Flash_WriteThreshold                   0x08000a74   Section        0  flash_storage.o(i.Flash_WriteThreshold)
    i.HAL_ADC_ConfigChannel                  0x08000ab0   Section        0  stm32f1xx_hal_adc.o(i.HAL_ADC_ConfigChannel)
    i.HAL_ADC_GetValue                       0x08000bac   Section        0  stm32f1xx_hal_adc.o(i.HAL_ADC_GetValue)
    i.HAL_ADC_Init                           0x08000bb4   Section        0  stm32f1xx_hal_adc.o(i.HAL_ADC_Init)
    i.HAL_ADC_MspInit                        0x08000cd0   Section        0  adc.o(i.HAL_ADC_MspInit)
    i.HAL_ADC_PollForConversion              0x08000d28   Section        0  stm32f1xx_hal_adc.o(i.HAL_ADC_PollForConversion)
    i.HAL_ADC_Start                          0x08000e64   Section        0  stm32f1xx_hal_adc.o(i.HAL_ADC_Start)
    i.HAL_ADC_Stop                           0x08000f24   Section        0  stm32f1xx_hal_adc.o(i.HAL_ADC_Stop)
    i.HAL_DMA_Abort                          0x08000f58   Section        0  stm32f1xx_hal_dma.o(i.HAL_DMA_Abort)
    i.HAL_DMA_Abort_IT                       0x08000fa0   Section        0  stm32f1xx_hal_dma.o(i.HAL_DMA_Abort_IT)
    i.HAL_DMA_IRQHandler                     0x08001038   Section        0  stm32f1xx_hal_dma.o(i.HAL_DMA_IRQHandler)
    i.HAL_DMA_Init                           0x0800118c   Section        0  stm32f1xx_hal_dma.o(i.HAL_DMA_Init)
    i.HAL_DMA_Start_IT                       0x080011e8   Section        0  stm32f1xx_hal_dma.o(i.HAL_DMA_Start_IT)
    i.HAL_Delay                              0x08001258   Section        0  stm32f1xx_hal.o(i.HAL_Delay)
    i.HAL_FLASHEx_Erase                      0x0800127c   Section        0  stm32f1xx_hal_flash_ex.o(i.HAL_FLASHEx_Erase)
    i.HAL_FLASH_Lock                         0x08001324   Section        0  stm32f1xx_hal_flash.o(i.HAL_FLASH_Lock)
    i.HAL_FLASH_Program                      0x08001338   Section        0  stm32f1xx_hal_flash.o(i.HAL_FLASH_Program)
    i.HAL_FLASH_Unlock                       0x080013b8   Section        0  stm32f1xx_hal_flash.o(i.HAL_FLASH_Unlock)
    i.HAL_GPIO_EXTI_Callback                 0x080013e0   Section        0  gpio.o(i.HAL_GPIO_EXTI_Callback)
    i.HAL_GPIO_EXTI_IRQHandler               0x08001484   Section        0  stm32f1xx_hal_gpio.o(i.HAL_GPIO_EXTI_IRQHandler)
    i.HAL_GPIO_Init                          0x0800149c   Section        0  stm32f1xx_hal_gpio.o(i.HAL_GPIO_Init)
    i.HAL_GPIO_ReadPin                       0x0800167c   Section        0  stm32f1xx_hal_gpio.o(i.HAL_GPIO_ReadPin)
    i.HAL_GPIO_WritePin                      0x08001686   Section        0  stm32f1xx_hal_gpio.o(i.HAL_GPIO_WritePin)
    i.HAL_GetTick                            0x08001690   Section        0  stm32f1xx_hal.o(i.HAL_GetTick)
    i.HAL_IncTick                            0x0800169c   Section        0  stm32f1xx_hal.o(i.HAL_IncTick)
    i.HAL_Init                               0x080016ac   Section        0  stm32f1xx_hal.o(i.HAL_Init)
    i.HAL_InitTick                           0x080016d0   Section        0  stm32f1xx_hal.o(i.HAL_InitTick)
    i.HAL_MspInit                            0x08001710   Section        0  stm32f1xx_hal_msp.o(i.HAL_MspInit)
    i.HAL_NVIC_EnableIRQ                     0x0800174c   Section        0  stm32f1xx_hal_cortex.o(i.HAL_NVIC_EnableIRQ)
    i.HAL_NVIC_SetPriority                   0x08001768   Section        0  stm32f1xx_hal_cortex.o(i.HAL_NVIC_SetPriority)
    i.HAL_NVIC_SetPriorityGrouping           0x080017a8   Section        0  stm32f1xx_hal_cortex.o(i.HAL_NVIC_SetPriorityGrouping)
    i.HAL_RCCEx_GetPeriphCLKFreq             0x080017cc   Section        0  stm32f1xx_hal_rcc_ex.o(i.HAL_RCCEx_GetPeriphCLKFreq)
    i.HAL_RCCEx_PeriphCLKConfig              0x08001870   Section        0  stm32f1xx_hal_rcc_ex.o(i.HAL_RCCEx_PeriphCLKConfig)
    i.HAL_RCC_ClockConfig                    0x0800195c   Section        0  stm32f1xx_hal_rcc.o(i.HAL_RCC_ClockConfig)
    i.HAL_RCC_GetPCLK1Freq                   0x08001a88   Section        0  stm32f1xx_hal_rcc.o(i.HAL_RCC_GetPCLK1Freq)
    i.HAL_RCC_GetPCLK2Freq                   0x08001aa8   Section        0  stm32f1xx_hal_rcc.o(i.HAL_RCC_GetPCLK2Freq)
    i.HAL_RCC_GetSysClockFreq                0x08001ac8   Section        0  stm32f1xx_hal_rcc.o(i.HAL_RCC_GetSysClockFreq)
    i.HAL_RCC_OscConfig                      0x08001b14   Section        0  stm32f1xx_hal_rcc.o(i.HAL_RCC_OscConfig)
    i.HAL_SYSTICK_Config                     0x08001e34   Section        0  stm32f1xx_hal_cortex.o(i.HAL_SYSTICK_Config)
    i.HAL_UARTEx_RxEventCallback             0x08001e5c   Section        0  stm32f1xx_hal_uart.o(i.HAL_UARTEx_RxEventCallback)
    i.HAL_UART_DMAStop                       0x08001e5e   Section        0  stm32f1xx_hal_uart.o(i.HAL_UART_DMAStop)
    i.HAL_UART_ErrorCallback                 0x08001ece   Section        0  stm32f1xx_hal_uart.o(i.HAL_UART_ErrorCallback)
    i.HAL_UART_IRQHandler                    0x08001ed0   Section        0  stm32f1xx_hal_uart.o(i.HAL_UART_IRQHandler)
    i.HAL_UART_Init                          0x0800213c   Section        0  stm32f1xx_hal_uart.o(i.HAL_UART_Init)
    i.HAL_UART_MspInit                       0x080021a0   Section        0  usart.o(i.HAL_UART_MspInit)
    i.HAL_UART_Receive_DMA                   0x08002250   Section        0  stm32f1xx_hal_uart.o(i.HAL_UART_Receive_DMA)
    i.HAL_UART_RxCpltCallback                0x0800226c   Section        0  stm32f1xx_hal_uart.o(i.HAL_UART_RxCpltCallback)
    i.HAL_UART_RxHalfCpltCallback            0x0800226e   Section        0  stm32f1xx_hal_uart.o(i.HAL_UART_RxHalfCpltCallback)
    i.HAL_UART_Transmit                      0x08002270   Section        0  stm32f1xx_hal_uart.o(i.HAL_UART_Transmit)
    i.HAL_UART_TxCpltCallback                0x08002310   Section        0  stm32f1xx_hal_uart.o(i.HAL_UART_TxCpltCallback)
    i.HardFault_Handler                      0x08002312   Section        0  stm32f1xx_it.o(i.HardFault_Handler)
    i.I2C_SendByte                           0x08002314   Section        0  oled_1315.o(i.I2C_SendByte)
    I2C_SendByte                             0x08002315   Thumb Code   120  oled_1315.o(i.I2C_SendByte)
    i.I2C_Start                              0x08002390   Section        0  oled_1315.o(i.I2C_Start)
    I2C_Start                                0x08002391   Thumb Code    70  oled_1315.o(i.I2C_Start)
    i.I2C_Stop                               0x080023dc   Section        0  oled_1315.o(i.I2C_Stop)
    I2C_Stop                                 0x080023dd   Thumb Code    72  oled_1315.o(i.I2C_Stop)
    i.MX_ADC1_Init                           0x08002428   Section        0  adc.o(i.MX_ADC1_Init)
    i.MX_DMA_Init                            0x08002478   Section        0  dma.o(i.MX_DMA_Init)
    i.MX_GPIO_Init                           0x080024a4   Section        0  gpio.o(i.MX_GPIO_Init)
    i.MX_USART1_UART_Init                    0x08002588   Section        0  usart.o(i.MX_USART1_UART_Init)
    i.MemManage_Handler                      0x080025c0   Section        0  stm32f1xx_it.o(i.MemManage_Handler)
    i.NMI_Handler                            0x080025c2   Section        0  stm32f1xx_it.o(i.NMI_Handler)
    i.OLED_Clear                             0x080025c4   Section        0  oled_1315.o(i.OLED_Clear)
    i.OLED_Delay_us                          0x080025f0   Section        0  oled_1315.o(i.OLED_Delay_us)
    OLED_Delay_us                            0x080025f1   Thumb Code    16  oled_1315.o(i.OLED_Delay_us)
    i.OLED_Init                              0x08002600   Section        0  oled_1315.o(i.OLED_Init)
    i.OLED_Refresh                           0x080026fc   Section        0  oled_1315.o(i.OLED_Refresh)
    i.OLED_SetPos                            0x08002730   Section        0  oled_1315.o(i.OLED_SetPos)
    i.OLED_ShowChar                          0x08002754   Section        0  oled_1315.o(i.OLED_ShowChar)
    i.OLED_ShowNum                           0x080027c4   Section        0  oled_1315.o(i.OLED_ShowNum)
    i.OLED_ShowString                        0x0800284c   Section        0  oled_1315.o(i.OLED_ShowString)
    i.OLED_WriteCommand                      0x080028aa   Section        0  oled_1315.o(i.OLED_WriteCommand)
    i.OLED_WriteData                         0x080028cc   Section        0  oled_1315.o(i.OLED_WriteData)
    i.PendSV_Handler                         0x080028ee   Section        0  stm32f1xx_it.o(i.PendSV_Handler)
    i.SVC_Handler                            0x080028f0   Section        0  stm32f1xx_it.o(i.SVC_Handler)
    i.SysTick_Handler                        0x080028f2   Section        0  stm32f1xx_it.o(i.SysTick_Handler)
    i.SystemClock_Config                     0x080028f6   Section        0  main.o(i.SystemClock_Config)
    i.SystemInit                             0x08002968   Section        0  system_stm32f1xx.o(i.SystemInit)
    i.UART_DMAAbortOnError                   0x0800296a   Section        0  stm32f1xx_hal_uart.o(i.UART_DMAAbortOnError)
    UART_DMAAbortOnError                     0x0800296b   Thumb Code    16  stm32f1xx_hal_uart.o(i.UART_DMAAbortOnError)
    i.UART_DMAError                          0x0800297a   Section        0  stm32f1xx_hal_uart.o(i.UART_DMAError)
    UART_DMAError                            0x0800297b   Thumb Code    74  stm32f1xx_hal_uart.o(i.UART_DMAError)
    i.UART_DMAReceiveCplt                    0x080029c4   Section        0  stm32f1xx_hal_uart.o(i.UART_DMAReceiveCplt)
    UART_DMAReceiveCplt                      0x080029c5   Thumb Code   134  stm32f1xx_hal_uart.o(i.UART_DMAReceiveCplt)
    i.UART_DMARxHalfCplt                     0x08002a4a   Section        0  stm32f1xx_hal_uart.o(i.UART_DMARxHalfCplt)
    UART_DMARxHalfCplt                       0x08002a4b   Thumb Code    30  stm32f1xx_hal_uart.o(i.UART_DMARxHalfCplt)
    i.UART_EndRxTransfer                     0x08002a68   Section        0  stm32f1xx_hal_uart.o(i.UART_EndRxTransfer)
    UART_EndRxTransfer                       0x08002a69   Thumb Code    78  stm32f1xx_hal_uart.o(i.UART_EndRxTransfer)
    i.UART_EndTxTransfer                     0x08002ab6   Section        0  stm32f1xx_hal_uart.o(i.UART_EndTxTransfer)
    UART_EndTxTransfer                       0x08002ab7   Thumb Code    28  stm32f1xx_hal_uart.o(i.UART_EndTxTransfer)
    i.UART_Receive_IT                        0x08002ad2   Section        0  stm32f1xx_hal_uart.o(i.UART_Receive_IT)
    UART_Receive_IT                          0x08002ad3   Thumb Code   194  stm32f1xx_hal_uart.o(i.UART_Receive_IT)
    i.UART_SetConfig                         0x08002b94   Section        0  stm32f1xx_hal_uart.o(i.UART_SetConfig)
    UART_SetConfig                           0x08002b95   Thumb Code   178  stm32f1xx_hal_uart.o(i.UART_SetConfig)
    i.UART_Start_Receive_DMA                 0x08002c4c   Section        0  stm32f1xx_hal_uart.o(i.UART_Start_Receive_DMA)
    i.UART_WaitOnFlagUntilTimeout            0x08002cdc   Section        0  stm32f1xx_hal_uart.o(i.UART_WaitOnFlagUntilTimeout)
    UART_WaitOnFlagUntilTimeout              0x08002cdd   Thumb Code   114  stm32f1xx_hal_uart.o(i.UART_WaitOnFlagUntilTimeout)
    i.USART1_IRQHandler                      0x08002d50   Section        0  stm32f1xx_it.o(i.USART1_IRQHandler)
    i.UsageFault_Handler                     0x08002d98   Section        0  stm32f1xx_it.o(i.UsageFault_Handler)
    i.__ARM_fpclassify                       0x08002d9a   Section        0  fpclassify.o(i.__ARM_fpclassify)
    i.__NVIC_SetPriority                     0x08002dc2   Section        0  stm32f1xx_hal_cortex.o(i.__NVIC_SetPriority)
    __NVIC_SetPriority                       0x08002dc3   Thumb Code    32  stm32f1xx_hal_cortex.o(i.__NVIC_SetPriority)
    i.__kernel_poly                          0x08002de2   Section        0  poly.o(i.__kernel_poly)
    i.__mathlib_dbl_divzero                  0x08002e8c   Section        0  dunder.o(i.__mathlib_dbl_divzero)
    i.__mathlib_dbl_infnan2                  0x08002e9c   Section        0  dunder.o(i.__mathlib_dbl_infnan2)
    i.__mathlib_dbl_invalid                  0x08002ea0   Section        0  dunder.o(i.__mathlib_dbl_invalid)
    i.__mathlib_dbl_overflow                 0x08002eac   Section        0  dunder.o(i.__mathlib_dbl_overflow)
    i.__mathlib_dbl_underflow                0x08002ebc   Section        0  dunder.o(i.__mathlib_dbl_underflow)
    i.handle_esp8266                         0x08002ecc   Section        0  direct_8266.o(i.handle_esp8266)
    i.main                                   0x08003028   Section        0  main.o(i.main)
    i.pow                                    0x08003330   Section        0  pow.o(i.pow)
    i.send_wifi                              0x08003d08   Section        0  direct_8266.o(i.send_wifi)
    i.sqrt                                   0x08003d80   Section        0  sqrt.o(i.sqrt)
    i.start_esp8266                          0x08003dcc   Section        0  direct_8266.o(i.start_esp8266)
    locale$$code                             0x08003ec0   Section       44  lc_ctype_c.o(locale$$code)
    x$fpl$dadd                               0x08003eec   Section      336  daddsub_clz.o(x$fpl$dadd)
    _dadd1                                   0x08003efd   Thumb Code     0  daddsub_clz.o(x$fpl$dadd)
    x$fpl$dcheck1                            0x0800403c   Section       16  dcheck1.o(x$fpl$dcheck1)
    x$fpl$dcmpinf                            0x0800404c   Section       24  dcmpi.o(x$fpl$dcmpinf)
    x$fpl$ddiv                               0x08004064   Section      688  ddiv.o(x$fpl$ddiv)
    ddiv_entry                               0x0800406b   Thumb Code     0  ddiv.o(x$fpl$ddiv)
    x$fpl$dfixu                              0x08004314   Section       90  dfixu.o(x$fpl$dfixu)
    x$fpl$dflt                               0x0800436e   Section       46  dflt_clz.o(x$fpl$dflt)
    x$fpl$dleqf                              0x0800439c   Section      120  dleqf.o(x$fpl$dleqf)
    x$fpl$dmul                               0x08004414   Section      340  dmul.o(x$fpl$dmul)
    x$fpl$dnaninf                            0x08004568   Section      156  dnaninf.o(x$fpl$dnaninf)
    x$fpl$dretinf                            0x08004604   Section       12  dretinf.o(x$fpl$dretinf)
    x$fpl$drleqf                             0x08004610   Section      108  drleqf.o(x$fpl$drleqf)
    x$fpl$drsb                               0x0800467c   Section       22  daddsub_clz.o(x$fpl$drsb)
    x$fpl$dsqrt                              0x08004694   Section      460  dsqrt_noumaal.o(x$fpl$dsqrt)
    x$fpl$dsub                               0x08004860   Section      468  daddsub_clz.o(x$fpl$dsub)
    _dsub1                                   0x08004871   Thumb Code     0  daddsub_clz.o(x$fpl$dsub)
    x$fpl$retnan                             0x08004a34   Section      100  retnan.o(x$fpl$retnan)
    x$fpl$scalbn                             0x08004a98   Section       92  scalbn.o(x$fpl$scalbn)
    x$fpl$trapveneer                         0x08004af4   Section       48  trapv.o(x$fpl$trapveneer)
    .constdata                               0x08004b24   Section       18  stm32f1xx_hal_rcc.o(.constdata)
    x$fpl$usenofp                            0x08004b24   Section        0  usenofp.o(x$fpl$usenofp)
    aPredivFactorTable                       0x08004b24   Data           2  stm32f1xx_hal_rcc.o(.constdata)
    aPLLMULFactorTable                       0x08004b26   Data          16  stm32f1xx_hal_rcc.o(.constdata)
    .constdata                               0x08004b36   Section       18  stm32f1xx_hal_rcc_ex.o(.constdata)
    aPredivFactorTable                       0x08004b36   Data           2  stm32f1xx_hal_rcc_ex.o(.constdata)
    aPLLMULFactorTable                       0x08004b38   Data          16  stm32f1xx_hal_rcc_ex.o(.constdata)
    .constdata                               0x08004b48   Section       16  system_stm32f1xx.o(.constdata)
    .constdata                               0x08004b58   Section        8  system_stm32f1xx.o(.constdata)
    .constdata                               0x08004b60   Section     2096  oled_1315.o(.constdata)
    F6x8                                     0x08004b60   Data         576  oled_1315.o(.constdata)
    F8X16                                    0x08004da0   Data        1520  oled_1315.o(.constdata)
    .constdata                               0x08005390   Section      136  pow.o(.constdata)
    bp                                       0x08005390   Data          16  pow.o(.constdata)
    dp_h                                     0x080053a0   Data          16  pow.o(.constdata)
    dp_l                                     0x080053b0   Data          16  pow.o(.constdata)
    L                                        0x080053c0   Data          48  pow.o(.constdata)
    P                                        0x080053f0   Data          40  pow.o(.constdata)
    .constdata                               0x08005418   Section        8  qnan.o(.constdata)
    locale$$data                             0x08005440   Section      272  lc_ctype_c.o(locale$$data)
    __lcctype_c_name                         0x08005444   Data           2  lc_ctype_c.o(locale$$data)
    __lcctype_c_start                        0x0800544c   Data           0  lc_ctype_c.o(locale$$data)
    __lcctype_c_end                          0x08005550   Data           0  lc_ctype_c.o(locale$$data)
    .data                                    0x20000000   Section       10  main.o(.data)
    last_setting_mode                        0x20000006   Data           1  main.o(.data)
    .data                                    0x2000000c   Section       12  gpio.o(.data)
    last_key1_time                           0x2000000c   Data           4  gpio.o(.data)
    last_key2_time                           0x20000010   Data           4  gpio.o(.data)
    last_key3_time                           0x20000014   Data           4  gpio.o(.data)
    .data                                    0x20000018   Section        1  usart.o(.data)
    .data                                    0x20000019   Section        1  usart.o(.data)
    .data                                    0x2000001c   Section       12  stm32f1xx_hal.o(.data)
    .data                                    0x20000028   Section        4  system_stm32f1xx.o(.data)
    .data                                    0x2000002c   Section        2  direct_8266.o(.data)
    .bss                                     0x20000030   Section       48  adc.o(.bss)
    .bss                                     0x20000060   Section     1000  usart.o(.bss)
    .bss                                     0x20000448   Section      140  usart.o(.bss)
    .bss                                     0x200004d8   Section       32  stm32f1xx_hal_flash.o(.bss)
    .bss                                     0x200004f8   Section     1024  oled_1315.o(.bss)
    OLED_GRAM                                0x200004f8   Data        1024  oled_1315.o(.bss)
    .bss                                     0x200008f8   Section       96  libspace.o(.bss)
    HEAP                                     0x20000958   Section      512  startup_stm32f103xb.o(HEAP)
    Heap_Mem                                 0x20000958   Data         512  startup_stm32f103xb.o(HEAP)
    STACK                                    0x20000b58   Section     1024  startup_stm32f103xb.o(STACK)
    Stack_Mem                                0x20000b58   Data        1024  startup_stm32f103xb.o(STACK)
    __initial_sp                             0x20000f58   Data           0  startup_stm32f103xb.o(STACK)

    Global Symbols

    Symbol Name                              Value     Ov Type        Size  Object(Section)

    BuildAttributes$$THM_ISAv4$P$D$K$B$S$PE$A:L22UL41UL21$X:L11$S22US41US21$IEEE1$IW$USESV6$~STKCKD$USESV7$~SHL$OTIME$ROPI$IEEEX$EBA8$UX$STANDARDLIB$REQ8$PRES8$EABIv2 0x00000000   Number         0  anon$$obj.o ABSOLUTE
    __ARM_use_no_argv                        0x00000000   Number         0  main.o ABSOLUTE
    __ARM_exceptions_init                     - Undefined Weak Reference
    __alloca_initialize                       - Undefined Weak Reference
    __arm_preinit_                            - Undefined Weak Reference
    __cpp_initialize__aeabi_                  - Undefined Weak Reference
    __cxa_finalize                            - Undefined Weak Reference
    __sigvec_lookup                           - Undefined Weak Reference
    _atexit_init                              - Undefined Weak Reference
    _call_atexit_fns                          - Undefined Weak Reference
    _clock_init                               - Undefined Weak Reference
    _fp_trap_init                             - Undefined Weak Reference
    _fp_trap_shutdown                         - Undefined Weak Reference
    _get_lc_collate                           - Undefined Weak Reference
    _get_lc_monetary                          - Undefined Weak Reference
    _get_lc_numeric                           - Undefined Weak Reference
    _get_lc_time                              - Undefined Weak Reference
    _getenv_init                              - Undefined Weak Reference
    _handle_redirection                       - Undefined Weak Reference
    _init_alloc                               - Undefined Weak Reference
    _init_user_alloc                          - Undefined Weak Reference
    _initio                                   - Undefined Weak Reference
    _printf_post_padding                      - Undefined Weak Reference
    _printf_pre_padding                       - Undefined Weak Reference
    _printf_truncate_signed                   - Undefined Weak Reference
    _printf_truncate_unsigned                 - Undefined Weak Reference
    _rand_init                                - Undefined Weak Reference
    _signal_finish                            - Undefined Weak Reference
    _signal_init                              - Undefined Weak Reference
    _terminate_alloc                          - Undefined Weak Reference
    _terminate_user_alloc                     - Undefined Weak Reference
    _terminateio                              - Undefined Weak Reference
    __Vectors_Size                           0x000000ec   Number         0  startup_stm32f103xb.o ABSOLUTE
    __Vectors                                0x08000000   Data           4  startup_stm32f103xb.o(RESET)
    __Vectors_End                            0x080000ec   Data           0  startup_stm32f103xb.o(RESET)
    __main                                   0x080000ed   Thumb Code     8  __main.o(!!!main)
    __scatterload                            0x080000f5   Thumb Code     0  __scatter.o(!!!scatter)
    __scatterload_rt2                        0x080000f5   Thumb Code    44  __scatter.o(!!!scatter)
    __scatterload_rt2_thumb_only             0x080000f5   Thumb Code     0  __scatter.o(!!!scatter)
    __scatterload_null                       0x08000103   Thumb Code     0  __scatter.o(!!!scatter)
    __scatterload_copy                       0x08000129   Thumb Code    26  __scatter_copy.o(!!handler_copy)
    __scatterload_zeroinit                   0x08000145   Thumb Code    28  __scatter_zi.o(!!handler_zi)
    _printf_d                                0x08000161   Thumb Code     0  _printf_d.o(.ARM.Collect$$_printf_percent$$00000009)
    _printf_percent                          0x08000161   Thumb Code     0  _printf_percent.o(.ARM.Collect$$_printf_percent$$00000000)
    _printf_percent_end                      0x08000167   Thumb Code     0  _printf_percent_end.o(.ARM.Collect$$_printf_percent$$00000017)
    __rt_lib_init                            0x0800016b   Thumb Code     0  libinit.o(.ARM.Collect$$libinit$$00000000)
    __rt_lib_init_fp_1                       0x0800016d   Thumb Code     0  libinit2.o(.ARM.Collect$$libinit$$00000002)
    __rt_lib_init_heap_1                     0x0800016d   Thumb Code     0  libinit2.o(.ARM.Collect$$libinit$$0000000A)
    __rt_lib_init_lc_common                  0x0800016d   Thumb Code     0  libinit2.o(.ARM.Collect$$libinit$$0000000F)
    __rt_lib_init_preinit_1                  0x0800016d   Thumb Code     0  libinit2.o(.ARM.Collect$$libinit$$00000004)
    __rt_lib_init_rand_1                     0x0800016d   Thumb Code     0  libinit2.o(.ARM.Collect$$libinit$$0000000E)
    __rt_lib_init_user_alloc_1               0x0800016d   Thumb Code     0  libinit2.o(.ARM.Collect$$libinit$$0000000C)
    __rt_lib_init_lc_collate_1               0x08000173   Thumb Code     0  libinit2.o(.ARM.Collect$$libinit$$00000011)
    __rt_lib_init_lc_ctype_2                 0x08000173   Thumb Code     0  libinit2.o(.ARM.Collect$$libinit$$00000012)
    __rt_lib_init_alloca_1                   0x0800017f   Thumb Code     0  libinit2.o(.ARM.Collect$$libinit$$0000002E)
    __rt_lib_init_argv_1                     0x0800017f   Thumb Code     0  libinit2.o(.ARM.Collect$$libinit$$0000002C)
    __rt_lib_init_atexit_1                   0x0800017f   Thumb Code     0  libinit2.o(.ARM.Collect$$libinit$$0000001B)
    __rt_lib_init_clock_1                    0x0800017f   Thumb Code     0  libinit2.o(.ARM.Collect$$libinit$$00000021)
    __rt_lib_init_cpp_1                      0x0800017f   Thumb Code     0  libinit2.o(.ARM.Collect$$libinit$$00000032)
    __rt_lib_init_exceptions_1               0x0800017f   Thumb Code     0  libinit2.o(.ARM.Collect$$libinit$$00000030)
    __rt_lib_init_fp_trap_1                  0x0800017f   Thumb Code     0  libinit2.o(.ARM.Collect$$libinit$$0000001F)
    __rt_lib_init_getenv_1                   0x0800017f   Thumb Code     0  libinit2.o(.ARM.Collect$$libinit$$00000023)
    __rt_lib_init_lc_ctype_1                 0x0800017f   Thumb Code     0  libinit2.o(.ARM.Collect$$libinit$$00000013)
    __rt_lib_init_lc_monetary_1              0x0800017f   Thumb Code     0  libinit2.o(.ARM.Collect$$libinit$$00000015)
    __rt_lib_init_lc_numeric_1               0x0800017f   Thumb Code     0  libinit2.o(.ARM.Collect$$libinit$$00000017)
    __rt_lib_init_lc_time_1                  0x0800017f   Thumb Code     0  libinit2.o(.ARM.Collect$$libinit$$00000019)
    __rt_lib_init_return                     0x0800017f   Thumb Code     0  libinit2.o(.ARM.Collect$$libinit$$00000033)
    __rt_lib_init_signal_1                   0x0800017f   Thumb Code     0  libinit2.o(.ARM.Collect$$libinit$$0000001D)
    __rt_lib_init_stdio_1                    0x0800017f   Thumb Code     0  libinit2.o(.ARM.Collect$$libinit$$00000025)
    __rt_lib_shutdown                        0x08000181   Thumb Code     0  libshutdown.o(.ARM.Collect$$libshutdown$$00000000)
    __rt_lib_shutdown_cpp_1                  0x08000183   Thumb Code     0  libshutdown2.o(.ARM.Collect$$libshutdown$$00000002)
    __rt_lib_shutdown_fp_trap_1              0x08000183   Thumb Code     0  libshutdown2.o(.ARM.Collect$$libshutdown$$00000007)
    __rt_lib_shutdown_heap_1                 0x08000183   Thumb Code     0  libshutdown2.o(.ARM.Collect$$libshutdown$$0000000F)
    __rt_lib_shutdown_return                 0x08000183   Thumb Code     0  libshutdown2.o(.ARM.Collect$$libshutdown$$00000010)
    __rt_lib_shutdown_signal_1               0x08000183   Thumb Code     0  libshutdown2.o(.ARM.Collect$$libshutdown$$0000000A)
    __rt_lib_shutdown_stdio_1                0x08000183   Thumb Code     0  libshutdown2.o(.ARM.Collect$$libshutdown$$00000004)
    __rt_lib_shutdown_user_alloc_1           0x08000183   Thumb Code     0  libshutdown2.o(.ARM.Collect$$libshutdown$$0000000C)
    __rt_entry                               0x08000185   Thumb Code     0  __rtentry.o(.ARM.Collect$$rtentry$$00000000)
    __rt_entry_presh_1                       0x08000185   Thumb Code     0  __rtentry2.o(.ARM.Collect$$rtentry$$00000002)
    __rt_entry_sh                            0x08000185   Thumb Code     0  __rtentry4.o(.ARM.Collect$$rtentry$$00000004)
    __rt_entry_li                            0x0800018b   Thumb Code     0  __rtentry2.o(.ARM.Collect$$rtentry$$0000000A)
    __rt_entry_postsh_1                      0x0800018b   Thumb Code     0  __rtentry2.o(.ARM.Collect$$rtentry$$00000009)
    __rt_entry_main                          0x0800018f   Thumb Code     0  __rtentry2.o(.ARM.Collect$$rtentry$$0000000D)
    __rt_entry_postli_1                      0x0800018f   Thumb Code     0  __rtentry2.o(.ARM.Collect$$rtentry$$0000000C)
    __rt_exit                                0x08000197   Thumb Code     0  rtexit.o(.ARM.Collect$$rtexit$$00000000)
    __rt_exit_ls                             0x08000199   Thumb Code     0  rtexit2.o(.ARM.Collect$$rtexit$$00000003)
    __rt_exit_prels_1                        0x08000199   Thumb Code     0  rtexit2.o(.ARM.Collect$$rtexit$$00000002)
    __rt_exit_exit                           0x0800019d   Thumb Code     0  rtexit2.o(.ARM.Collect$$rtexit$$00000004)
    Reset_Handler                            0x080001a5   Thumb Code     8  startup_stm32f103xb.o(.text)
    ADC1_2_IRQHandler                        0x080001bf   Thumb Code     0  startup_stm32f103xb.o(.text)
    CAN1_RX1_IRQHandler                      0x080001bf   Thumb Code     0  startup_stm32f103xb.o(.text)
    CAN1_SCE_IRQHandler                      0x080001bf   Thumb Code     0  startup_stm32f103xb.o(.text)
    DMA1_Channel1_IRQHandler                 0x080001bf   Thumb Code     0  startup_stm32f103xb.o(.text)
    DMA1_Channel2_IRQHandler                 0x080001bf   Thumb Code     0  startup_stm32f103xb.o(.text)
    DMA1_Channel3_IRQHandler                 0x080001bf   Thumb Code     0  startup_stm32f103xb.o(.text)
    DMA1_Channel4_IRQHandler                 0x080001bf   Thumb Code     0  startup_stm32f103xb.o(.text)
    DMA1_Channel6_IRQHandler                 0x080001bf   Thumb Code     0  startup_stm32f103xb.o(.text)
    DMA1_Channel7_IRQHandler                 0x080001bf   Thumb Code     0  startup_stm32f103xb.o(.text)
    EXTI0_IRQHandler                         0x080001bf   Thumb Code     0  startup_stm32f103xb.o(.text)
    EXTI1_IRQHandler                         0x080001bf   Thumb Code     0  startup_stm32f103xb.o(.text)
    EXTI2_IRQHandler                         0x080001bf   Thumb Code     0  startup_stm32f103xb.o(.text)
    EXTI3_IRQHandler                         0x080001bf   Thumb Code     0  startup_stm32f103xb.o(.text)
    EXTI4_IRQHandler                         0x080001bf   Thumb Code     0  startup_stm32f103xb.o(.text)
    EXTI9_5_IRQHandler                       0x080001bf   Thumb Code     0  startup_stm32f103xb.o(.text)
    FLASH_IRQHandler                         0x080001bf   Thumb Code     0  startup_stm32f103xb.o(.text)
    I2C1_ER_IRQHandler                       0x080001bf   Thumb Code     0  startup_stm32f103xb.o(.text)
    I2C1_EV_IRQHandler                       0x080001bf   Thumb Code     0  startup_stm32f103xb.o(.text)
    I2C2_ER_IRQHandler                       0x080001bf   Thumb Code     0  startup_stm32f103xb.o(.text)
    I2C2_EV_IRQHandler                       0x080001bf   Thumb Code     0  startup_stm32f103xb.o(.text)
    PVD_IRQHandler                           0x080001bf   Thumb Code     0  startup_stm32f103xb.o(.text)
    RCC_IRQHandler                           0x080001bf   Thumb Code     0  startup_stm32f103xb.o(.text)
    RTC_Alarm_IRQHandler                     0x080001bf   Thumb Code     0  startup_stm32f103xb.o(.text)
    RTC_IRQHandler                           0x080001bf   Thumb Code     0  startup_stm32f103xb.o(.text)
    SPI1_IRQHandler                          0x080001bf   Thumb Code     0  startup_stm32f103xb.o(.text)
    SPI2_IRQHandler                          0x080001bf   Thumb Code     0  startup_stm32f103xb.o(.text)
    TAMPER_IRQHandler                        0x080001bf   Thumb Code     0  startup_stm32f103xb.o(.text)
    TIM1_BRK_IRQHandler                      0x080001bf   Thumb Code     0  startup_stm32f103xb.o(.text)
    TIM1_CC_IRQHandler                       0x080001bf   Thumb Code     0  startup_stm32f103xb.o(.text)
    TIM1_TRG_COM_IRQHandler                  0x080001bf   Thumb Code     0  startup_stm32f103xb.o(.text)
    TIM1_UP_IRQHandler                       0x080001bf   Thumb Code     0  startup_stm32f103xb.o(.text)
    TIM2_IRQHandler                          0x080001bf   Thumb Code     0  startup_stm32f103xb.o(.text)
    TIM3_IRQHandler                          0x080001bf   Thumb Code     0  startup_stm32f103xb.o(.text)
    TIM4_IRQHandler                          0x080001bf   Thumb Code     0  startup_stm32f103xb.o(.text)
    USART2_IRQHandler                        0x080001bf   Thumb Code     0  startup_stm32f103xb.o(.text)
    USART3_IRQHandler                        0x080001bf   Thumb Code     0  startup_stm32f103xb.o(.text)
    USBWakeUp_IRQHandler                     0x080001bf   Thumb Code     0  startup_stm32f103xb.o(.text)
    USB_HP_CAN1_TX_IRQHandler                0x080001bf   Thumb Code     0  startup_stm32f103xb.o(.text)
    USB_LP_CAN1_RX0_IRQHandler               0x080001bf   Thumb Code     0  startup_stm32f103xb.o(.text)
    WWDG_IRQHandler                          0x080001bf   Thumb Code     0  startup_stm32f103xb.o(.text)
    __user_initial_stackheap                 0x080001c1   Thumb Code     0  startup_stm32f103xb.o(.text)
    __aeabi_llsr                             0x080001e5   Thumb Code     0  llushr.o(.text)
    _ll_ushift_r                             0x080001e5   Thumb Code    38  llushr.o(.text)
    __2sprintf                               0x0800020d   Thumb Code    34  noretval__2sprintf.o(.text)
    __printf                                 0x08000235   Thumb Code   104  __printf.o(.text)
    _printf_int_dec                          0x0800029d   Thumb Code   104  _printf_dec.o(.text)
    atoi                                     0x08000315   Thumb Code    26  atoi.o(.text)
    strchr                                   0x0800032f   Thumb Code    20  strchr.o(.text)
    strstr                                   0x08000343   Thumb Code    36  strstr.o(.text)
    strlen                                   0x08000367   Thumb Code    62  strlen.o(.text)
    strncmp                                  0x080003a5   Thumb Code   150  strncmp.o(.text)
    __aeabi_memclr                           0x0800043b   Thumb Code     0  rt_memclr.o(.text)
    __rt_memclr                              0x0800043b   Thumb Code    68  rt_memclr.o(.text)
    _memset                                  0x0800043f   Thumb Code     0  rt_memclr.o(.text)
    __aeabi_memclr4                          0x0800047f   Thumb Code     0  rt_memclr_w.o(.text)
    __aeabi_memclr8                          0x0800047f   Thumb Code     0  rt_memclr_w.o(.text)
    __rt_memclr_w                            0x0800047f   Thumb Code    78  rt_memclr_w.o(.text)
    _memset_w                                0x08000483   Thumb Code     0  rt_memclr_w.o(.text)
    __use_two_region_memory                  0x080004cd   Thumb Code     2  heapauxi.o(.text)
    __rt_heap_escrow$2region                 0x080004cf   Thumb Code     2  heapauxi.o(.text)
    __rt_heap_expand$2region                 0x080004d1   Thumb Code     2  heapauxi.o(.text)
    __aeabi_errno_addr                       0x080004d5   Thumb Code     8  rt_errno_addr_intlibspace.o(.text)
    __errno$intlibspace                      0x080004d5   Thumb Code     0  rt_errno_addr_intlibspace.o(.text)
    __rt_errno_addr$intlibspace              0x080004d5   Thumb Code     0  rt_errno_addr_intlibspace.o(.text)
    __read_errno                             0x080004dd   Thumb Code    10  _rserrno.o(.text)
    __set_errno                              0x080004e7   Thumb Code    12  _rserrno.o(.text)
    _printf_int_common                       0x080004f3   Thumb Code   178  _printf_intcommon.o(.text)
    _printf_char_common                      0x080005af   Thumb Code    32  _printf_char_common.o(.text)
    _sputc                                   0x080005d5   Thumb Code    10  _sputc.o(.text)
    strtol                                   0x080005df   Thumb Code   112  strtol.o(.text)
    __user_libspace                          0x08000651   Thumb Code     8  libspace.o(.text)
    __user_perproc_libspace                  0x08000651   Thumb Code     0  libspace.o(.text)
    __user_perthread_libspace                0x08000651   Thumb Code     0  libspace.o(.text)
    __rt_ctype_table                         0x08000659   Thumb Code    16  rt_ctype_table.o(.text)
    _strtoul                                 0x08000669   Thumb Code   158  _strtoul.o(.text)
    __user_setup_stackheap                   0x08000707   Thumb Code    74  sys_stackheap_outer.o(.text)
    __rt_locale                              0x08000751   Thumb Code     8  rt_locale_intlibspace.o(.text)
    _chval                                   0x08000759   Thumb Code    28  _chval.o(.text)
    exit                                     0x08000775   Thumb Code    18  exit.o(.text)
    strcmp                                   0x08000789   Thumb Code   128  strcmpv7m.o(.text)
    _sys_exit                                0x08000809   Thumb Code     8  sys_exit.o(.text)
    __I$use$semihosting                      0x08000815   Thumb Code     0  use_no_semi.o(.text)
    __use_no_semihosting_swi                 0x08000815   Thumb Code     2  use_no_semi.o(.text)
    __semihosting_library_function           0x08000817   Thumb Code     0  indicate_semi.o(.text)
    ADC_ConversionStop_Disable               0x08000819   Thumb Code    86  stm32f1xx_hal_adc.o(i.ADC_ConversionStop_Disable)
    ADC_Enable                               0x08000871   Thumb Code   114  stm32f1xx_hal_adc.o(i.ADC_Enable)
    BusFault_Handler                         0x080008ed   Thumb Code     2  stm32f1xx_it.o(i.BusFault_Handler)
    DMA1_Channel5_IRQHandler                 0x080008f1   Thumb Code     6  stm32f1xx_it.o(i.DMA1_Channel5_IRQHandler)
    DebugMon_Handler                         0x08000927   Thumb Code     2  stm32f1xx_it.o(i.DebugMon_Handler)
    EXTI15_10_IRQHandler                     0x08000929   Thumb Code    30  stm32f1xx_it.o(i.EXTI15_10_IRQHandler)
    Error_Handler                            0x08000947   Thumb Code     4  main.o(i.Error_Handler)
    FLASH_PageErase                          0x08000971   Thumb Code    28  stm32f1xx_hal_flash_ex.o(i.FLASH_PageErase)
    FLASH_WaitForLastOperation               0x08000a0d   Thumb Code    80  stm32f1xx_hal_flash.o(i.FLASH_WaitForLastOperation)
    Flash_ReadThreshold                      0x08000a61   Thumb Code    14  flash_storage.o(i.Flash_ReadThreshold)
    Flash_WriteThreshold                     0x08000a75   Thumb Code    54  flash_storage.o(i.Flash_WriteThreshold)
    HAL_ADC_ConfigChannel                    0x08000ab1   Thumb Code   240  stm32f1xx_hal_adc.o(i.HAL_ADC_ConfigChannel)
    HAL_ADC_GetValue                         0x08000bad   Thumb Code     6  stm32f1xx_hal_adc.o(i.HAL_ADC_GetValue)
    HAL_ADC_Init                             0x08000bb5   Thumb Code   272  stm32f1xx_hal_adc.o(i.HAL_ADC_Init)
    HAL_ADC_MspInit                          0x08000cd1   Thumb Code    76  adc.o(i.HAL_ADC_MspInit)
    HAL_ADC_PollForConversion                0x08000d29   Thumb Code   304  stm32f1xx_hal_adc.o(i.HAL_ADC_PollForConversion)
    HAL_ADC_Start                            0x08000e65   Thumb Code   184  stm32f1xx_hal_adc.o(i.HAL_ADC_Start)
    HAL_ADC_Stop                             0x08000f25   Thumb Code    52  stm32f1xx_hal_adc.o(i.HAL_ADC_Stop)
    HAL_DMA_Abort                            0x08000f59   Thumb Code    70  stm32f1xx_hal_dma.o(i.HAL_DMA_Abort)
    HAL_DMA_Abort_IT                         0x08000fa1   Thumb Code   148  stm32f1xx_hal_dma.o(i.HAL_DMA_Abort_IT)
    HAL_DMA_IRQHandler                       0x08001039   Thumb Code   316  stm32f1xx_hal_dma.o(i.HAL_DMA_IRQHandler)
    HAL_DMA_Init                             0x0800118d   Thumb Code    84  stm32f1xx_hal_dma.o(i.HAL_DMA_Init)
    HAL_DMA_Start_IT                         0x080011e9   Thumb Code   112  stm32f1xx_hal_dma.o(i.HAL_DMA_Start_IT)
    HAL_Delay                                0x08001259   Thumb Code    32  stm32f1xx_hal.o(i.HAL_Delay)
    HAL_FLASHEx_Erase                        0x0800127d   Thumb Code   160  stm32f1xx_hal_flash_ex.o(i.HAL_FLASHEx_Erase)
    HAL_FLASH_Lock                           0x08001325   Thumb Code    14  stm32f1xx_hal_flash.o(i.HAL_FLASH_Lock)
    HAL_FLASH_Program                        0x08001339   Thumb Code   120  stm32f1xx_hal_flash.o(i.HAL_FLASH_Program)
    HAL_FLASH_Unlock                         0x080013b9   Thumb Code    28  stm32f1xx_hal_flash.o(i.HAL_FLASH_Unlock)
    HAL_GPIO_EXTI_Callback                   0x080013e1   Thumb Code   148  gpio.o(i.HAL_GPIO_EXTI_Callback)
    HAL_GPIO_EXTI_IRQHandler                 0x08001485   Thumb Code    18  stm32f1xx_hal_gpio.o(i.HAL_GPIO_EXTI_IRQHandler)
    HAL_GPIO_Init                            0x0800149d   Thumb Code   446  stm32f1xx_hal_gpio.o(i.HAL_GPIO_Init)
    HAL_GPIO_ReadPin                         0x0800167d   Thumb Code    10  stm32f1xx_hal_gpio.o(i.HAL_GPIO_ReadPin)
    HAL_GPIO_WritePin                        0x08001687   Thumb Code    10  stm32f1xx_hal_gpio.o(i.HAL_GPIO_WritePin)
    HAL_GetTick                              0x08001691   Thumb Code     6  stm32f1xx_hal.o(i.HAL_GetTick)
    HAL_IncTick                              0x0800169d   Thumb Code    12  stm32f1xx_hal.o(i.HAL_IncTick)
    HAL_Init                                 0x080016ad   Thumb Code    32  stm32f1xx_hal.o(i.HAL_Init)
    HAL_InitTick                             0x080016d1   Thumb Code    54  stm32f1xx_hal.o(i.HAL_InitTick)
    HAL_MspInit                              0x08001711   Thumb Code    52  stm32f1xx_hal_msp.o(i.HAL_MspInit)
    HAL_NVIC_EnableIRQ                       0x0800174d   Thumb Code    26  stm32f1xx_hal_cortex.o(i.HAL_NVIC_EnableIRQ)
    HAL_NVIC_SetPriority                     0x08001769   Thumb Code    60  stm32f1xx_hal_cortex.o(i.HAL_NVIC_SetPriority)
    HAL_NVIC_SetPriorityGrouping             0x080017a9   Thumb Code    26  stm32f1xx_hal_cortex.o(i.HAL_NVIC_SetPriorityGrouping)
    HAL_RCCEx_GetPeriphCLKFreq               0x080017cd   Thumb Code   148  stm32f1xx_hal_rcc_ex.o(i.HAL_RCCEx_GetPeriphCLKFreq)
    HAL_RCCEx_PeriphCLKConfig                0x08001871   Thumb Code   224  stm32f1xx_hal_rcc_ex.o(i.HAL_RCCEx_PeriphCLKConfig)
    HAL_RCC_ClockConfig                      0x0800195d   Thumb Code   280  stm32f1xx_hal_rcc.o(i.HAL_RCC_ClockConfig)
    HAL_RCC_GetPCLK1Freq                     0x08001a89   Thumb Code    20  stm32f1xx_hal_rcc.o(i.HAL_RCC_GetPCLK1Freq)
    HAL_RCC_GetPCLK2Freq                     0x08001aa9   Thumb Code    20  stm32f1xx_hal_rcc.o(i.HAL_RCC_GetPCLK2Freq)
    HAL_RCC_GetSysClockFreq                  0x08001ac9   Thumb Code    58  stm32f1xx_hal_rcc.o(i.HAL_RCC_GetSysClockFreq)
    HAL_RCC_OscConfig                        0x08001b15   Thumb Code   778  stm32f1xx_hal_rcc.o(i.HAL_RCC_OscConfig)
    HAL_SYSTICK_Config                       0x08001e35   Thumb Code    40  stm32f1xx_hal_cortex.o(i.HAL_SYSTICK_Config)
    HAL_UARTEx_RxEventCallback               0x08001e5d   Thumb Code     2  stm32f1xx_hal_uart.o(i.HAL_UARTEx_RxEventCallback)
    HAL_UART_DMAStop                         0x08001e5f   Thumb Code   112  stm32f1xx_hal_uart.o(i.HAL_UART_DMAStop)
    HAL_UART_ErrorCallback                   0x08001ecf   Thumb Code     2  stm32f1xx_hal_uart.o(i.HAL_UART_ErrorCallback)
    HAL_UART_IRQHandler                      0x08001ed1   Thumb Code   616  stm32f1xx_hal_uart.o(i.HAL_UART_IRQHandler)
    HAL_UART_Init                            0x0800213d   Thumb Code   100  stm32f1xx_hal_uart.o(i.HAL_UART_Init)
    HAL_UART_MspInit                         0x080021a1   Thumb Code   154  usart.o(i.HAL_UART_MspInit)
    HAL_UART_Receive_DMA                     0x08002251   Thumb Code    28  stm32f1xx_hal_uart.o(i.HAL_UART_Receive_DMA)
    HAL_UART_RxCpltCallback                  0x0800226d   Thumb Code     2  stm32f1xx_hal_uart.o(i.HAL_UART_RxCpltCallback)
    HAL_UART_RxHalfCpltCallback              0x0800226f   Thumb Code     2  stm32f1xx_hal_uart.o(i.HAL_UART_RxHalfCpltCallback)
    HAL_UART_Transmit                        0x08002271   Thumb Code   160  stm32f1xx_hal_uart.o(i.HAL_UART_Transmit)
    HAL_UART_TxCpltCallback                  0x08002311   Thumb Code     2  stm32f1xx_hal_uart.o(i.HAL_UART_TxCpltCallback)
    HardFault_Handler                        0x08002313   Thumb Code     2  stm32f1xx_it.o(i.HardFault_Handler)
    MX_ADC1_Init                             0x08002429   Thumb Code    70  adc.o(i.MX_ADC1_Init)
    MX_DMA_Init                              0x08002479   Thumb Code    40  dma.o(i.MX_DMA_Init)
    MX_GPIO_Init                             0x080024a5   Thumb Code   212  gpio.o(i.MX_GPIO_Init)
    MX_USART1_UART_Init                      0x08002589   Thumb Code    48  usart.o(i.MX_USART1_UART_Init)
    MemManage_Handler                        0x080025c1   Thumb Code     2  stm32f1xx_it.o(i.MemManage_Handler)
    NMI_Handler                              0x080025c3   Thumb Code     2  stm32f1xx_it.o(i.NMI_Handler)
    OLED_Clear                               0x080025c5   Thumb Code    38  oled_1315.o(i.OLED_Clear)
    OLED_Init                                0x08002601   Thumb Code   252  oled_1315.o(i.OLED_Init)
    OLED_Refresh                             0x080026fd   Thumb Code    48  oled_1315.o(i.OLED_Refresh)
    OLED_SetPos                              0x08002731   Thumb Code    34  oled_1315.o(i.OLED_SetPos)
    OLED_ShowChar                            0x08002755   Thumb Code    98  oled_1315.o(i.OLED_ShowChar)
    OLED_ShowNum                             0x080027c5   Thumb Code   132  oled_1315.o(i.OLED_ShowNum)
    OLED_ShowString                          0x0800284d   Thumb Code    94  oled_1315.o(i.OLED_ShowString)
    OLED_WriteCommand                        0x080028ab   Thumb Code    34  oled_1315.o(i.OLED_WriteCommand)
    OLED_WriteData                           0x080028cd   Thumb Code    34  oled_1315.o(i.OLED_WriteData)
    PendSV_Handler                           0x080028ef   Thumb Code     2  stm32f1xx_it.o(i.PendSV_Handler)
    SVC_Handler                              0x080028f1   Thumb Code     2  stm32f1xx_it.o(i.SVC_Handler)
    SysTick_Handler                          0x080028f3   Thumb Code     4  stm32f1xx_it.o(i.SysTick_Handler)
    SystemClock_Config                       0x080028f7   Thumb Code   114  main.o(i.SystemClock_Config)
    SystemInit                               0x08002969   Thumb Code     2  system_stm32f1xx.o(i.SystemInit)
    UART_Start_Receive_DMA                   0x08002c4d   Thumb Code   130  stm32f1xx_hal_uart.o(i.UART_Start_Receive_DMA)
    USART1_IRQHandler                        0x08002d51   Thumb Code    56  stm32f1xx_it.o(i.USART1_IRQHandler)
    UsageFault_Handler                       0x08002d99   Thumb Code     2  stm32f1xx_it.o(i.UsageFault_Handler)
    __ARM_fpclassify                         0x08002d9b   Thumb Code    40  fpclassify.o(i.__ARM_fpclassify)
    __kernel_poly                            0x08002de3   Thumb Code   170  poly.o(i.__kernel_poly)
    __mathlib_dbl_divzero                    0x08002e8d   Thumb Code    12  dunder.o(i.__mathlib_dbl_divzero)
    __mathlib_dbl_infnan2                    0x08002e9d   Thumb Code     4  dunder.o(i.__mathlib_dbl_infnan2)
    __mathlib_dbl_invalid                    0x08002ea1   Thumb Code    12  dunder.o(i.__mathlib_dbl_invalid)
    __mathlib_dbl_overflow                   0x08002ead   Thumb Code    14  dunder.o(i.__mathlib_dbl_overflow)
    __mathlib_dbl_underflow                  0x08002ebd   Thumb Code    10  dunder.o(i.__mathlib_dbl_underflow)
    handle_esp8266                           0x08002ecd   Thumb Code   234  direct_8266.o(i.handle_esp8266)
    main                                     0x08003029   Thumb Code   544  main.o(i.main)
    pow                                      0x08003331   Thumb Code  2512  pow.o(i.pow)
    send_wifi                                0x08003d09   Thumb Code    92  direct_8266.o(i.send_wifi)
    sqrt                                     0x08003d81   Thumb Code    76  sqrt.o(i.sqrt)
    start_esp8266                            0x08003dcd   Thumb Code   126  direct_8266.o(i.start_esp8266)
    _get_lc_ctype                            0x08003ec1   Thumb Code    44  lc_ctype_c.o(locale$$code)
    __aeabi_dadd                             0x08003eed   Thumb Code     0  daddsub_clz.o(x$fpl$dadd)
    _dadd                                    0x08003eed   Thumb Code   332  daddsub_clz.o(x$fpl$dadd)
    __fpl_dcheck_NaN1                        0x0800403d   Thumb Code    10  dcheck1.o(x$fpl$dcheck1)
    __fpl_dcmp_Inf                           0x0800404d   Thumb Code    24  dcmpi.o(x$fpl$dcmpinf)
    __aeabi_ddiv                             0x08004065   Thumb Code     0  ddiv.o(x$fpl$ddiv)
    _ddiv                                    0x08004065   Thumb Code   552  ddiv.o(x$fpl$ddiv)
    __aeabi_d2uiz                            0x08004315   Thumb Code     0  dfixu.o(x$fpl$dfixu)
    _dfixu                                   0x08004315   Thumb Code    90  dfixu.o(x$fpl$dfixu)
    __aeabi_i2d                              0x0800436f   Thumb Code     0  dflt_clz.o(x$fpl$dflt)
    _dflt                                    0x0800436f   Thumb Code    46  dflt_clz.o(x$fpl$dflt)
    __aeabi_cdcmple                          0x0800439d   Thumb Code     0  dleqf.o(x$fpl$dleqf)
    _dcmple                                  0x0800439d   Thumb Code   120  dleqf.o(x$fpl$dleqf)
    __fpl_dcmple_InfNaN                      0x080043ff   Thumb Code     0  dleqf.o(x$fpl$dleqf)
    __aeabi_dmul                             0x08004415   Thumb Code     0  dmul.o(x$fpl$dmul)
    _dmul                                    0x08004415   Thumb Code   332  dmul.o(x$fpl$dmul)
    __fpl_dnaninf                            0x08004569   Thumb Code   156  dnaninf.o(x$fpl$dnaninf)
    __fpl_dretinf                            0x08004605   Thumb Code    12  dretinf.o(x$fpl$dretinf)
    __aeabi_cdrcmple                         0x08004611   Thumb Code     0  drleqf.o(x$fpl$drleqf)
    _drcmple                                 0x08004611   Thumb Code   108  drleqf.o(x$fpl$drleqf)
    __aeabi_drsub                            0x0800467d   Thumb Code     0  daddsub_clz.o(x$fpl$drsb)
    _drsb                                    0x0800467d   Thumb Code    22  daddsub_clz.o(x$fpl$drsb)
    _dsqrt                                   0x08004695   Thumb Code   456  dsqrt_noumaal.o(x$fpl$dsqrt)
    __aeabi_dsub                             0x08004861   Thumb Code     0  daddsub_clz.o(x$fpl$dsub)
    _dsub                                    0x08004861   Thumb Code   464  daddsub_clz.o(x$fpl$dsub)
    __fpl_return_NaN                         0x08004a35   Thumb Code   100  retnan.o(x$fpl$retnan)
    __ARM_scalbn                             0x08004a99   Thumb Code    92  scalbn.o(x$fpl$scalbn)
    __fpl_cmpreturn                          0x08004af5   Thumb Code    48  trapv.o(x$fpl$trapveneer)
    __I$use$fp                               0x08004b24   Number         0  usenofp.o(x$fpl$usenofp)
    AHBPrescTable                            0x08004b48   Data          16  system_stm32f1xx.o(.constdata)
    APBPrescTable                            0x08004b58   Data           8  system_stm32f1xx.o(.constdata)
    __mathlib_zero                           0x08005418   Data           8  qnan.o(.constdata)
    Region$$Table$$Base                      0x08005420   Number         0  anon$$obj.o(Region$$Table)
    Region$$Table$$Limit                     0x08005440   Number         0  anon$$obj.o(Region$$Table)
    __ctype                                  0x0800544d   Data           0  lc_ctype_c.o(locale$$data)
    first_display                            0x20000000   Data           1  main.o(.data)
    setting_mode                             0x20000001   Data           1  main.o(.data)
    threshold_value                          0x20000002   Data           1  main.o(.data)
    last_threshold_value                     0x20000003   Data           1  main.o(.data)
    hc_sr505_counter                         0x20000004   Data           1  main.o(.data)
    alarm_active                             0x20000005   Data           1  main.o(.data)
    adc_value                                0x20000008   Data           2  main.o(.data)
    rx1_count                                0x20000018   Data           1  usart.o(.data)
    rx1_end_flag                             0x20000019   Data           1  usart.o(.data)
    uwTickFreq                               0x2000001c   Data           1  stm32f1xx_hal.o(.data)
    uwTickPrio                               0x20000020   Data           4  stm32f1xx_hal.o(.data)
    uwTick                                   0x20000024   Data           4  stm32f1xx_hal.o(.data)
    SystemCoreClock                          0x20000028   Data           4  system_stm32f1xx.o(.data)
    device_connect                           0x2000002c   Data           1  direct_8266.o(.data)
    set_flag                                 0x2000002d   Data           1  direct_8266.o(.data)
    hadc1                                    0x20000030   Data          48  adc.o(.bss)
    uart1_rx                                 0x20000060   Data        1000  usart.o(.bss)
    huart1                                   0x20000448   Data          72  usart.o(.bss)
    hdma_usart1_rx                           0x20000490   Data          68  usart.o(.bss)
    pFlash                                   0x200004d8   Data          32  stm32f1xx_hal_flash.o(.bss)
    __libspace_start                         0x200008f8   Data          96  libspace.o(.bss)
    __temporary_stack_top$libspace           0x20000958   Data           0  libspace.o(.bss)



==============================================================================

Memory Map of the image

  Image Entry point : 0x080000ed

  Load Region LR_IROM1 (Base: 0x08000000, Size: 0x00005580, Max: 0x00010000, ABSOLUTE)

    Execution Region ER_IROM1 (Exec base: 0x08000000, Load base: 0x08000000, Size: 0x00005550, Max: 0x00010000, ABSOLUTE)

    Exec Addr    Load Addr    Size         Type   Attr      Idx    E Section Name        Object

    0x08000000   0x08000000   0x000000ec   Data   RO            3    RESET               startup_stm32f103xb.o
    0x080000ec   0x080000ec   0x00000008   Code   RO         2389  * !!!main             c_w.l(__main.o)
    0x080000f4   0x080000f4   0x00000034   Code   RO         2660    !!!scatter          c_w.l(__scatter.o)
    0x08000128   0x08000128   0x0000001a   Code   RO         2662    !!handler_copy      c_w.l(__scatter_copy.o)
    0x08000142   0x08000142   0x00000002   PAD
    0x08000144   0x08000144   0x0000001c   Code   RO         2664    !!handler_zi        c_w.l(__scatter_zi.o)
    0x08000160   0x08000160   0x00000000   Code   RO         2372    .ARM.Collect$$_printf_percent$$00000000  c_w.l(_printf_percent.o)
    0x08000160   0x08000160   0x00000006   Code   RO         2371    .ARM.Collect$$_printf_percent$$00000009  c_w.l(_printf_d.o)
    0x08000166   0x08000166   0x00000004   Code   RO         2425    .ARM.Collect$$_printf_percent$$00000017  c_w.l(_printf_percent_end.o)
    0x0800016a   0x0800016a   0x00000002   Code   RO         2525    .ARM.Collect$$libinit$$00000000  c_w.l(libinit.o)
    0x0800016c   0x0800016c   0x00000000   Code   RO         2535    .ARM.Collect$$libinit$$00000002  c_w.l(libinit2.o)
    0x0800016c   0x0800016c   0x00000000   Code   RO         2537    .ARM.Collect$$libinit$$00000004  c_w.l(libinit2.o)
    0x0800016c   0x0800016c   0x00000000   Code   RO         2540    .ARM.Collect$$libinit$$0000000A  c_w.l(libinit2.o)
    0x0800016c   0x0800016c   0x00000000   Code   RO         2542    .ARM.Collect$$libinit$$0000000C  c_w.l(libinit2.o)
    0x0800016c   0x0800016c   0x00000000   Code   RO         2544    .ARM.Collect$$libinit$$0000000E  c_w.l(libinit2.o)
    0x0800016c   0x0800016c   0x00000006   Code   RO         2545    .ARM.Collect$$libinit$$0000000F  c_w.l(libinit2.o)
    0x08000172   0x08000172   0x00000000   Code   RO         2547    .ARM.Collect$$libinit$$00000011  c_w.l(libinit2.o)
    0x08000172   0x08000172   0x0000000c   Code   RO         2548    .ARM.Collect$$libinit$$00000012  c_w.l(libinit2.o)
    0x0800017e   0x0800017e   0x00000000   Code   RO         2549    .ARM.Collect$$libinit$$00000013  c_w.l(libinit2.o)
    0x0800017e   0x0800017e   0x00000000   Code   RO         2551    .ARM.Collect$$libinit$$00000015  c_w.l(libinit2.o)
    0x0800017e   0x0800017e   0x00000000   Code   RO         2553    .ARM.Collect$$libinit$$00000017  c_w.l(libinit2.o)
    0x0800017e   0x0800017e   0x00000000   Code   RO         2555    .ARM.Collect$$libinit$$00000019  c_w.l(libinit2.o)
    0x0800017e   0x0800017e   0x00000000   Code   RO         2557    .ARM.Collect$$libinit$$0000001B  c_w.l(libinit2.o)
    0x0800017e   0x0800017e   0x00000000   Code   RO         2559    .ARM.Collect$$libinit$$0000001D  c_w.l(libinit2.o)
    0x0800017e   0x0800017e   0x00000000   Code   RO         2561    .ARM.Collect$$libinit$$0000001F  c_w.l(libinit2.o)
    0x0800017e   0x0800017e   0x00000000   Code   RO         2563    .ARM.Collect$$libinit$$00000021  c_w.l(libinit2.o)
    0x0800017e   0x0800017e   0x00000000   Code   RO         2565    .ARM.Collect$$libinit$$00000023  c_w.l(libinit2.o)
    0x0800017e   0x0800017e   0x00000000   Code   RO         2567    .ARM.Collect$$libinit$$00000025  c_w.l(libinit2.o)
    0x0800017e   0x0800017e   0x00000000   Code   RO         2571    .ARM.Collect$$libinit$$0000002C  c_w.l(libinit2.o)
    0x0800017e   0x0800017e   0x00000000   Code   RO         2573    .ARM.Collect$$libinit$$0000002E  c_w.l(libinit2.o)
    0x0800017e   0x0800017e   0x00000000   Code   RO         2575    .ARM.Collect$$libinit$$00000030  c_w.l(libinit2.o)
    0x0800017e   0x0800017e   0x00000000   Code   RO         2577    .ARM.Collect$$libinit$$00000032  c_w.l(libinit2.o)
    0x0800017e   0x0800017e   0x00000002   Code   RO         2578    .ARM.Collect$$libinit$$00000033  c_w.l(libinit2.o)
    0x08000180   0x08000180   0x00000002   Code   RO         2600    .ARM.Collect$$libshutdown$$00000000  c_w.l(libshutdown.o)
    0x08000182   0x08000182   0x00000000   Code   RO         2613    .ARM.Collect$$libshutdown$$00000002  c_w.l(libshutdown2.o)
    0x08000182   0x08000182   0x00000000   Code   RO         2615    .ARM.Collect$$libshutdown$$00000004  c_w.l(libshutdown2.o)
    0x08000182   0x08000182   0x00000000   Code   RO         2618    .ARM.Collect$$libshutdown$$00000007  c_w.l(libshutdown2.o)
    0x08000182   0x08000182   0x00000000   Code   RO         2621    .ARM.Collect$$libshutdown$$0000000A  c_w.l(libshutdown2.o)
    0x08000182   0x08000182   0x00000000   Code   RO         2623    .ARM.Collect$$libshutdown$$0000000C  c_w.l(libshutdown2.o)
    0x08000182   0x08000182   0x00000000   Code   RO         2626    .ARM.Collect$$libshutdown$$0000000F  c_w.l(libshutdown2.o)
    0x08000182   0x08000182   0x00000002   Code   RO         2627    .ARM.Collect$$libshutdown$$00000010  c_w.l(libshutdown2.o)
    0x08000184   0x08000184   0x00000000   Code   RO         2411    .ARM.Collect$$rtentry$$00000000  c_w.l(__rtentry.o)
    0x08000184   0x08000184   0x00000000   Code   RO         2478    .ARM.Collect$$rtentry$$00000002  c_w.l(__rtentry2.o)
    0x08000184   0x08000184   0x00000006   Code   RO         2490    .ARM.Collect$$rtentry$$00000004  c_w.l(__rtentry4.o)
    0x0800018a   0x0800018a   0x00000000   Code   RO         2480    .ARM.Collect$$rtentry$$00000009  c_w.l(__rtentry2.o)
    0x0800018a   0x0800018a   0x00000004   Code   RO         2481    .ARM.Collect$$rtentry$$0000000A  c_w.l(__rtentry2.o)
    0x0800018e   0x0800018e   0x00000000   Code   RO         2483    .ARM.Collect$$rtentry$$0000000C  c_w.l(__rtentry2.o)
    0x0800018e   0x0800018e   0x00000008   Code   RO         2484    .ARM.Collect$$rtentry$$0000000D  c_w.l(__rtentry2.o)
    0x08000196   0x08000196   0x00000002   Code   RO         2530    .ARM.Collect$$rtexit$$00000000  c_w.l(rtexit.o)
    0x08000198   0x08000198   0x00000000   Code   RO         2582    .ARM.Collect$$rtexit$$00000002  c_w.l(rtexit2.o)
    0x08000198   0x08000198   0x00000004   Code   RO         2583    .ARM.Collect$$rtexit$$00000003  c_w.l(rtexit2.o)
    0x0800019c   0x0800019c   0x00000006   Code   RO         2584    .ARM.Collect$$rtexit$$00000004  c_w.l(rtexit2.o)
    0x080001a2   0x080001a2   0x00000002   PAD
    0x080001a4   0x080001a4   0x00000040   Code   RO            4    .text               startup_stm32f103xb.o
    0x080001e4   0x080001e4   0x00000026   Code   RO         2341    .text               c_w.l(llushr.o)
    0x0800020a   0x0800020a   0x00000002   PAD
    0x0800020c   0x0800020c   0x00000028   Code   RO         2345    .text               c_w.l(noretval__2sprintf.o)
    0x08000234   0x08000234   0x00000068   Code   RO         2347    .text               c_w.l(__printf.o)
    0x0800029c   0x0800029c   0x00000078   Code   RO         2349    .text               c_w.l(_printf_dec.o)
    0x08000314   0x08000314   0x0000001a   Code   RO         2373    .text               c_w.l(atoi.o)
    0x0800032e   0x0800032e   0x00000014   Code   RO         2375    .text               c_w.l(strchr.o)
    0x08000342   0x08000342   0x00000024   Code   RO         2377    .text               c_w.l(strstr.o)
    0x08000366   0x08000366   0x0000003e   Code   RO         2379    .text               c_w.l(strlen.o)
    0x080003a4   0x080003a4   0x00000096   Code   RO         2381    .text               c_w.l(strncmp.o)
    0x0800043a   0x0800043a   0x00000044   Code   RO         2383    .text               c_w.l(rt_memclr.o)
    0x0800047e   0x0800047e   0x0000004e   Code   RO         2385    .text               c_w.l(rt_memclr_w.o)
    0x080004cc   0x080004cc   0x00000006   Code   RO         2387    .text               c_w.l(heapauxi.o)
    0x080004d2   0x080004d2   0x00000002   PAD
    0x080004d4   0x080004d4   0x00000008   Code   RO         2415    .text               c_w.l(rt_errno_addr_intlibspace.o)
    0x080004dc   0x080004dc   0x00000016   Code   RO         2417    .text               c_w.l(_rserrno.o)
    0x080004f2   0x080004f2   0x000000b2   Code   RO         2419    .text               c_w.l(_printf_intcommon.o)
    0x080005a4   0x080005a4   0x00000030   Code   RO         2421    .text               c_w.l(_printf_char_common.o)
    0x080005d4   0x080005d4   0x0000000a   Code   RO         2423    .text               c_w.l(_sputc.o)
    0x080005de   0x080005de   0x00000070   Code   RO         2426    .text               c_w.l(strtol.o)
    0x0800064e   0x0800064e   0x00000002   PAD
    0x08000650   0x08000650   0x00000008   Code   RO         2474    .text               c_w.l(libspace.o)
    0x08000658   0x08000658   0x00000010   Code   RO         2492    .text               c_w.l(rt_ctype_table.o)
    0x08000668   0x08000668   0x0000009e   Code   RO         2496    .text               c_w.l(_strtoul.o)
    0x08000706   0x08000706   0x0000004a   Code   RO         2506    .text               c_w.l(sys_stackheap_outer.o)
    0x08000750   0x08000750   0x00000008   Code   RO         2511    .text               c_w.l(rt_locale_intlibspace.o)
    0x08000758   0x08000758   0x0000001c   Code   RO         2513    .text               c_w.l(_chval.o)
    0x08000774   0x08000774   0x00000012   Code   RO         2518    .text               c_w.l(exit.o)
    0x08000786   0x08000786   0x00000002   PAD
    0x08000788   0x08000788   0x00000080   Code   RO         2532    .text               c_w.l(strcmpv7m.o)
    0x08000808   0x08000808   0x0000000c   Code   RO         2592    .text               c_w.l(sys_exit.o)
    0x08000814   0x08000814   0x00000002   Code   RO         2603    .text               c_w.l(use_no_semi.o)
    0x08000816   0x08000816   0x00000000   Code   RO         2605    .text               c_w.l(indicate_semi.o)
    0x08000816   0x08000816   0x00000002   PAD
    0x08000818   0x08000818   0x00000056   Code   RO          468    i.ADC_ConversionStop_Disable  stm32f1xx_hal_adc.o
    0x0800086e   0x0800086e   0x00000002   PAD
    0x08000870   0x08000870   0x0000007c   Code   RO          472    i.ADC_Enable        stm32f1xx_hal_adc.o
    0x080008ec   0x080008ec   0x00000002   Code   RO          314    i.BusFault_Handler  stm32f1xx_it.o
    0x080008ee   0x080008ee   0x00000002   PAD
    0x080008f0   0x080008f0   0x0000000c   Code   RO          315    i.DMA1_Channel5_IRQHandler  stm32f1xx_it.o
    0x080008fc   0x080008fc   0x0000002a   Code   RO         1124    i.DMA_SetConfig     stm32f1xx_hal_dma.o
    0x08000926   0x08000926   0x00000002   Code   RO          316    i.DebugMon_Handler  stm32f1xx_it.o
    0x08000928   0x08000928   0x0000001e   Code   RO          317    i.EXTI15_10_IRQHandler  stm32f1xx_it.o
    0x08000946   0x08000946   0x00000004   Code   RO           13    i.Error_Handler     main.o
    0x0800094a   0x0800094a   0x00000002   PAD
    0x0800094c   0x0800094c   0x00000024   Code   RO         1564    i.FLASH_MassErase   stm32f1xx_hal_flash_ex.o
    0x08000970   0x08000970   0x00000024   Code   RO         1569    i.FLASH_PageErase   stm32f1xx_hal_flash_ex.o
    0x08000994   0x08000994   0x0000001c   Code   RO         1461    i.FLASH_Program_HalfWord  stm32f1xx_hal_flash.o
    0x080009b0   0x080009b0   0x0000005c   Code   RO         1462    i.FLASH_SetErrorCode  stm32f1xx_hal_flash.o
    0x08000a0c   0x08000a0c   0x00000054   Code   RO         1463    i.FLASH_WaitForLastOperation  stm32f1xx_hal_flash.o
    0x08000a60   0x08000a60   0x00000014   Code   RO         2312    i.Flash_ReadThreshold  flash_storage.o
    0x08000a74   0x08000a74   0x0000003c   Code   RO         2313    i.Flash_WriteThreshold  flash_storage.o
    0x08000ab0   0x08000ab0   0x000000fc   Code   RO          474    i.HAL_ADC_ConfigChannel  stm32f1xx_hal_adc.o
    0x08000bac   0x08000bac   0x00000006   Code   RO          481    i.HAL_ADC_GetValue  stm32f1xx_hal_adc.o
    0x08000bb2   0x08000bb2   0x00000002   PAD
    0x08000bb4   0x08000bb4   0x0000011c   Code   RO          483    i.HAL_ADC_Init      stm32f1xx_hal_adc.o
    0x08000cd0   0x08000cd0   0x00000058   Code   RO          204    i.HAL_ADC_MspInit   adc.o
    0x08000d28   0x08000d28   0x0000013c   Code   RO          487    i.HAL_ADC_PollForConversion  stm32f1xx_hal_adc.o
    0x08000e64   0x08000e64   0x000000c0   Code   RO          489    i.HAL_ADC_Start     stm32f1xx_hal_adc.o
    0x08000f24   0x08000f24   0x00000034   Code   RO          492    i.HAL_ADC_Stop      stm32f1xx_hal_adc.o
    0x08000f58   0x08000f58   0x00000046   Code   RO         1125    i.HAL_DMA_Abort     stm32f1xx_hal_dma.o
    0x08000f9e   0x08000f9e   0x00000002   PAD
    0x08000fa0   0x08000fa0   0x00000098   Code   RO         1126    i.HAL_DMA_Abort_IT  stm32f1xx_hal_dma.o
    0x08001038   0x08001038   0x00000154   Code   RO         1130    i.HAL_DMA_IRQHandler  stm32f1xx_hal_dma.o
    0x0800118c   0x0800118c   0x0000005c   Code   RO         1131    i.HAL_DMA_Init      stm32f1xx_hal_dma.o
    0x080011e8   0x080011e8   0x00000070   Code   RO         1135    i.HAL_DMA_Start_IT  stm32f1xx_hal_dma.o
    0x08001258   0x08001258   0x00000024   Code   RO          751    i.HAL_Delay         stm32f1xx_hal.o
    0x0800127c   0x0800127c   0x000000a8   Code   RO         1570    i.HAL_FLASHEx_Erase  stm32f1xx_hal_flash_ex.o
    0x08001324   0x08001324   0x00000014   Code   RO         1467    i.HAL_FLASH_Lock    stm32f1xx_hal_flash.o
    0x08001338   0x08001338   0x00000080   Code   RO         1472    i.HAL_FLASH_Program  stm32f1xx_hal_flash.o
    0x080013b8   0x080013b8   0x00000028   Code   RO         1474    i.HAL_FLASH_Unlock  stm32f1xx_hal_flash.o
    0x080013e0   0x080013e0   0x000000a4   Code   RO          170    i.HAL_GPIO_EXTI_Callback  gpio.o
    0x08001484   0x08001484   0x00000018   Code   RO         1060    i.HAL_GPIO_EXTI_IRQHandler  stm32f1xx_hal_gpio.o
    0x0800149c   0x0800149c   0x000001e0   Code   RO         1061    i.HAL_GPIO_Init     stm32f1xx_hal_gpio.o
    0x0800167c   0x0800167c   0x0000000a   Code   RO         1063    i.HAL_GPIO_ReadPin  stm32f1xx_hal_gpio.o
    0x08001686   0x08001686   0x0000000a   Code   RO         1065    i.HAL_GPIO_WritePin  stm32f1xx_hal_gpio.o
    0x08001690   0x08001690   0x0000000c   Code   RO          755    i.HAL_GetTick       stm32f1xx_hal.o
    0x0800169c   0x0800169c   0x00000010   Code   RO          761    i.HAL_IncTick       stm32f1xx_hal.o
    0x080016ac   0x080016ac   0x00000024   Code   RO          762    i.HAL_Init          stm32f1xx_hal.o
    0x080016d0   0x080016d0   0x00000040   Code   RO          763    i.HAL_InitTick      stm32f1xx_hal.o
    0x08001710   0x08001710   0x0000003c   Code   RO          408    i.HAL_MspInit       stm32f1xx_hal_msp.o
    0x0800174c   0x0800174c   0x0000001a   Code   RO         1221    i.HAL_NVIC_EnableIRQ  stm32f1xx_hal_cortex.o
    0x08001766   0x08001766   0x00000002   PAD
    0x08001768   0x08001768   0x00000040   Code   RO         1227    i.HAL_NVIC_SetPriority  stm32f1xx_hal_cortex.o
    0x080017a8   0x080017a8   0x00000024   Code   RO         1228    i.HAL_NVIC_SetPriorityGrouping  stm32f1xx_hal_cortex.o
    0x080017cc   0x080017cc   0x000000a4   Code   RO         1022    i.HAL_RCCEx_GetPeriphCLKFreq  stm32f1xx_hal_rcc_ex.o
    0x08001870   0x08001870   0x000000ec   Code   RO         1023    i.HAL_RCCEx_PeriphCLKConfig  stm32f1xx_hal_rcc_ex.o
    0x0800195c   0x0800195c   0x0000012c   Code   RO          919    i.HAL_RCC_ClockConfig  stm32f1xx_hal_rcc.o
    0x08001a88   0x08001a88   0x00000020   Code   RO          926    i.HAL_RCC_GetPCLK1Freq  stm32f1xx_hal_rcc.o
    0x08001aa8   0x08001aa8   0x00000020   Code   RO          927    i.HAL_RCC_GetPCLK2Freq  stm32f1xx_hal_rcc.o
    0x08001ac8   0x08001ac8   0x0000004c   Code   RO          928    i.HAL_RCC_GetSysClockFreq  stm32f1xx_hal_rcc.o
    0x08001b14   0x08001b14   0x00000320   Code   RO          931    i.HAL_RCC_OscConfig  stm32f1xx_hal_rcc.o
    0x08001e34   0x08001e34   0x00000028   Code   RO         1232    i.HAL_SYSTICK_Config  stm32f1xx_hal_cortex.o
    0x08001e5c   0x08001e5c   0x00000002   Code   RO         1733    i.HAL_UARTEx_RxEventCallback  stm32f1xx_hal_uart.o
    0x08001e5e   0x08001e5e   0x00000070   Code   RO         1745    i.HAL_UART_DMAStop  stm32f1xx_hal_uart.o
    0x08001ece   0x08001ece   0x00000002   Code   RO         1747    i.HAL_UART_ErrorCallback  stm32f1xx_hal_uart.o
    0x08001ed0   0x08001ed0   0x0000026c   Code   RO         1750    i.HAL_UART_IRQHandler  stm32f1xx_hal_uart.o
    0x0800213c   0x0800213c   0x00000064   Code   RO         1751    i.HAL_UART_Init     stm32f1xx_hal_uart.o
    0x080021a0   0x080021a0   0x000000b0   Code   RO          270    i.HAL_UART_MspInit  usart.o
    0x08002250   0x08002250   0x0000001c   Code   RO         1755    i.HAL_UART_Receive_DMA  stm32f1xx_hal_uart.o
    0x0800226c   0x0800226c   0x00000002   Code   RO         1757    i.HAL_UART_RxCpltCallback  stm32f1xx_hal_uart.o
    0x0800226e   0x0800226e   0x00000002   Code   RO         1758    i.HAL_UART_RxHalfCpltCallback  stm32f1xx_hal_uart.o
    0x08002270   0x08002270   0x000000a0   Code   RO         1759    i.HAL_UART_Transmit  stm32f1xx_hal_uart.o
    0x08002310   0x08002310   0x00000002   Code   RO         1762    i.HAL_UART_TxCpltCallback  stm32f1xx_hal_uart.o
    0x08002312   0x08002312   0x00000002   Code   RO          318    i.HardFault_Handler  stm32f1xx_it.o
    0x08002314   0x08002314   0x0000007c   Code   RO         2122    i.I2C_SendByte      oled_1315.o
    0x08002390   0x08002390   0x0000004c   Code   RO         2123    i.I2C_Start         oled_1315.o
    0x080023dc   0x080023dc   0x0000004c   Code   RO         2124    i.I2C_Stop          oled_1315.o
    0x08002428   0x08002428   0x00000050   Code   RO          205    i.MX_ADC1_Init      adc.o
    0x08002478   0x08002478   0x0000002c   Code   RO          245    i.MX_DMA_Init       dma.o
    0x080024a4   0x080024a4   0x000000e4   Code   RO          171    i.MX_GPIO_Init      gpio.o
    0x08002588   0x08002588   0x00000038   Code   RO          271    i.MX_USART1_UART_Init  usart.o
    0x080025c0   0x080025c0   0x00000002   Code   RO          319    i.MemManage_Handler  stm32f1xx_it.o
    0x080025c2   0x080025c2   0x00000002   Code   RO          320    i.NMI_Handler       stm32f1xx_it.o
    0x080025c4   0x080025c4   0x0000002c   Code   RO         2125    i.OLED_Clear        oled_1315.o
    0x080025f0   0x080025f0   0x00000010   Code   RO         2126    i.OLED_Delay_us     oled_1315.o
    0x08002600   0x08002600   0x000000fc   Code   RO         2131    i.OLED_Init         oled_1315.o
    0x080026fc   0x080026fc   0x00000034   Code   RO         2132    i.OLED_Refresh      oled_1315.o
    0x08002730   0x08002730   0x00000022   Code   RO         2133    i.OLED_SetPos       oled_1315.o
    0x08002752   0x08002752   0x00000002   PAD
    0x08002754   0x08002754   0x00000070   Code   RO         2135    i.OLED_ShowChar     oled_1315.o
    0x080027c4   0x080027c4   0x00000088   Code   RO         2136    i.OLED_ShowNum      oled_1315.o
    0x0800284c   0x0800284c   0x0000005e   Code   RO         2137    i.OLED_ShowString   oled_1315.o
    0x080028aa   0x080028aa   0x00000022   Code   RO         2139    i.OLED_WriteCommand  oled_1315.o
    0x080028cc   0x080028cc   0x00000022   Code   RO         2140    i.OLED_WriteData    oled_1315.o
    0x080028ee   0x080028ee   0x00000002   Code   RO          321    i.PendSV_Handler    stm32f1xx_it.o
    0x080028f0   0x080028f0   0x00000002   Code   RO          322    i.SVC_Handler       stm32f1xx_it.o
    0x080028f2   0x080028f2   0x00000004   Code   RO          323    i.SysTick_Handler   stm32f1xx_it.o
    0x080028f6   0x080028f6   0x00000072   Code   RO           14    i.SystemClock_Config  main.o
    0x08002968   0x08002968   0x00000002   Code   RO         2085    i.SystemInit        system_stm32f1xx.o
    0x0800296a   0x0800296a   0x00000010   Code   RO         1764    i.UART_DMAAbortOnError  stm32f1xx_hal_uart.o
    0x0800297a   0x0800297a   0x0000004a   Code   RO         1765    i.UART_DMAError     stm32f1xx_hal_uart.o
    0x080029c4   0x080029c4   0x00000086   Code   RO         1766    i.UART_DMAReceiveCplt  stm32f1xx_hal_uart.o
    0x08002a4a   0x08002a4a   0x0000001e   Code   RO         1768    i.UART_DMARxHalfCplt  stm32f1xx_hal_uart.o
    0x08002a68   0x08002a68   0x0000004e   Code   RO         1774    i.UART_EndRxTransfer  stm32f1xx_hal_uart.o
    0x08002ab6   0x08002ab6   0x0000001c   Code   RO         1775    i.UART_EndTxTransfer  stm32f1xx_hal_uart.o
    0x08002ad2   0x08002ad2   0x000000c2   Code   RO         1776    i.UART_Receive_IT   stm32f1xx_hal_uart.o
    0x08002b94   0x08002b94   0x000000b8   Code   RO         1777    i.UART_SetConfig    stm32f1xx_hal_uart.o
    0x08002c4c   0x08002c4c   0x00000090   Code   RO         1778    i.UART_Start_Receive_DMA  stm32f1xx_hal_uart.o
    0x08002cdc   0x08002cdc   0x00000072   Code   RO         1780    i.UART_WaitOnFlagUntilTimeout  stm32f1xx_hal_uart.o
    0x08002d4e   0x08002d4e   0x00000002   PAD
    0x08002d50   0x08002d50   0x00000048   Code   RO          324    i.USART1_IRQHandler  stm32f1xx_it.o
    0x08002d98   0x08002d98   0x00000002   Code   RO          325    i.UsageFault_Handler  stm32f1xx_it.o
    0x08002d9a   0x08002d9a   0x00000028   Code   RO         2461    i.__ARM_fpclassify  m_ws.l(fpclassify.o)
    0x08002dc2   0x08002dc2   0x00000020   Code   RO         1234    i.__NVIC_SetPriority  stm32f1xx_hal_cortex.o
    0x08002de2   0x08002de2   0x000000aa   Code   RO         2463    i.__kernel_poly     m_ws.l(poly.o)
    0x08002e8c   0x08002e8c   0x00000010   Code   RO         2447    i.__mathlib_dbl_divzero  m_ws.l(dunder.o)
    0x08002e9c   0x08002e9c   0x00000004   Code   RO         2449    i.__mathlib_dbl_infnan2  m_ws.l(dunder.o)
    0x08002ea0   0x08002ea0   0x0000000c   Code   RO         2450    i.__mathlib_dbl_invalid  m_ws.l(dunder.o)
    0x08002eac   0x08002eac   0x0000000e   Code   RO         2451    i.__mathlib_dbl_overflow  m_ws.l(dunder.o)
    0x08002eba   0x08002eba   0x00000002   PAD
    0x08002ebc   0x08002ebc   0x00000010   Code   RO         2453    i.__mathlib_dbl_underflow  m_ws.l(dunder.o)
    0x08002ecc   0x08002ecc   0x0000015c   Code   RO         2257    i.handle_esp8266    direct_8266.o
    0x08003028   0x08003028   0x00000308   Code   RO           15    i.main              main.o
    0x08003330   0x08003330   0x000009d8   Code   RO         2402    i.pow               m_ws.l(pow.o)
    0x08003d08   0x08003d08   0x00000078   Code   RO         2258    i.send_wifi         direct_8266.o
    0x08003d80   0x08003d80   0x0000004c   Code   RO         2467    i.sqrt              m_ws.l(sqrt.o)
    0x08003dcc   0x08003dcc   0x000000f4   Code   RO         2259    i.start_esp8266     direct_8266.o
    0x08003ec0   0x08003ec0   0x0000002c   Code   RO         2516    locale$$code        c_w.l(lc_ctype_c.o)
    0x08003eec   0x08003eec   0x00000150   Code   RO         2428    x$fpl$dadd          fz_ws.l(daddsub_clz.o)
    0x0800403c   0x0800403c   0x00000010   Code   RO         2498    x$fpl$dcheck1       fz_ws.l(dcheck1.o)
    0x0800404c   0x0800404c   0x00000018   Code   RO         2526    x$fpl$dcmpinf       fz_ws.l(dcmpi.o)
    0x08004064   0x08004064   0x000002b0   Code   RO         2435    x$fpl$ddiv          fz_ws.l(ddiv.o)
    0x08004314   0x08004314   0x0000005a   Code   RO         2391    x$fpl$dfixu         fz_ws.l(dfixu.o)
    0x0800436e   0x0800436e   0x0000002e   Code   RO         2396    x$fpl$dflt          fz_ws.l(dflt_clz.o)
    0x0800439c   0x0800439c   0x00000078   Code   RO         2500    x$fpl$dleqf         fz_ws.l(dleqf.o)
    0x08004414   0x08004414   0x00000154   Code   RO         2438    x$fpl$dmul          fz_ws.l(dmul.o)
    0x08004568   0x08004568   0x0000009c   Code   RO         2440    x$fpl$dnaninf       fz_ws.l(dnaninf.o)
    0x08004604   0x08004604   0x0000000c   Code   RO         2502    x$fpl$dretinf       fz_ws.l(dretinf.o)
    0x08004610   0x08004610   0x0000006c   Code   RO         2442    x$fpl$drleqf        fz_ws.l(drleqf.o)
    0x0800467c   0x0800467c   0x00000016   Code   RO         2429    x$fpl$drsb          fz_ws.l(daddsub_clz.o)
    0x08004692   0x08004692   0x00000002   PAD
    0x08004694   0x08004694   0x000001cc   Code   RO         2504    x$fpl$dsqrt         fz_ws.l(dsqrt_noumaal.o)
    0x08004860   0x08004860   0x000001d4   Code   RO         2430    x$fpl$dsub          fz_ws.l(daddsub_clz.o)
    0x08004a34   0x08004a34   0x00000064   Code   RO         2528    x$fpl$retnan        fz_ws.l(retnan.o)
    0x08004a98   0x08004a98   0x0000005c   Code   RO         2444    x$fpl$scalbn        fz_ws.l(scalbn.o)
    0x08004af4   0x08004af4   0x00000030   Code   RO         2579    x$fpl$trapveneer    fz_ws.l(trapv.o)
    0x08004b24   0x08004b24   0x00000000   Code   RO         2446    x$fpl$usenofp       fz_ws.l(usenofp.o)
    0x08004b24   0x08004b24   0x00000012   Data   RO          932    .constdata          stm32f1xx_hal_rcc.o
    0x08004b36   0x08004b36   0x00000012   Data   RO         1024    .constdata          stm32f1xx_hal_rcc_ex.o
    0x08004b48   0x08004b48   0x00000010   Data   RO         2086    .constdata          system_stm32f1xx.o
    0x08004b58   0x08004b58   0x00000008   Data   RO         2087    .constdata          system_stm32f1xx.o
    0x08004b60   0x08004b60   0x00000830   Data   RO         2142    .constdata          oled_1315.o
    0x08005390   0x08005390   0x00000088   Data   RO         2403    .constdata          m_ws.l(pow.o)
    0x08005418   0x08005418   0x00000008   Data   RO         2465    .constdata          m_ws.l(qnan.o)
    0x08005420   0x08005420   0x00000020   Data   RO         2658    Region$$Table       anon$$obj.o
    0x08005440   0x08005440   0x00000110   Data   RO         2515    locale$$data        c_w.l(lc_ctype_c.o)


    Execution Region RW_IRAM1 (Exec base: 0x20000000, Load base: 0x08005550, Size: 0x00000f58, Max: 0x00005000, ABSOLUTE)

    Exec Addr    Load Addr    Size         Type   Attr      Idx    E Section Name        Object

    0x20000000   0x08005550   0x0000000a   Data   RW           16    .data               main.o
    0x2000000a   0x0800555a   0x00000002   PAD
    0x2000000c   0x0800555c   0x0000000c   Data   RW          172    .data               gpio.o
    0x20000018   0x08005568   0x00000001   Data   RW          274    .data               usart.o
    0x20000019   0x08005569   0x00000001   Data   RW          275    .data               usart.o
    0x2000001a   0x0800556a   0x00000002   PAD
    0x2000001c   0x0800556c   0x0000000c   Data   RW          769    .data               stm32f1xx_hal.o
    0x20000028   0x08005578   0x00000004   Data   RW         2088    .data               system_stm32f1xx.o
    0x2000002c   0x0800557c   0x00000002   Data   RW         2260    .data               direct_8266.o
    0x2000002e   0x0800557e   0x00000002   PAD
    0x20000030        -       0x00000030   Zero   RW          206    .bss                adc.o
    0x20000060        -       0x000003e8   Zero   RW          272    .bss                usart.o
    0x20000448        -       0x0000008c   Zero   RW          273    .bss                usart.o
    0x200004d4   0x0800557e   0x00000004   PAD
    0x200004d8        -       0x00000020   Zero   RW         1475    .bss                stm32f1xx_hal_flash.o
    0x200004f8        -       0x00000400   Zero   RW         2141    .bss                oled_1315.o
    0x200008f8        -       0x00000060   Zero   RW         2475    .bss                c_w.l(libspace.o)
    0x20000958        -       0x00000200   Zero   RW            2    HEAP                startup_stm32f103xb.o
    0x20000b58        -       0x00000400   Zero   RW            1    STACK               startup_stm32f103xb.o


==============================================================================

Image component sizes


      Code (inc. data)   RO Data    RW Data    ZI Data      Debug   Object Name

       168         22          0          0         48       1705   adc.o
       712        260          0          2          0       2739   direct_8266.o
        44          4          0          0          0        790   dma.o
        80         12          0          0          0       1573   flash_storage.o
       392         32          0         12          0       2236   gpio.o
       894        232          0         10          0     418614   main.o
      1084         42       2096          0       1024       8914   oled_1315.o
        64         26        236          0       1536        828   startup_stm32f103xb.o
       164         28          0         12          0       6029   stm32f1xx_hal.o
      1312         54          0          0          0       7371   stm32f1xx_hal_adc.o
       198         14          0          0          0      29031   stm32f1xx_hal_cortex.o
       808         36          0          0          0       5098   stm32f1xx_hal_dma.o
       392         46          0          0         32       4854   stm32f1xx_hal_flash.o
       240         26          0          0          0       3309   stm32f1xx_hal_flash_ex.o
       524         40          0          0          0       4194   stm32f1xx_hal_gpio.o
        60          8          0          0          0        906   stm32f1xx_hal_msp.o
      1240         84         18          0          0       5208   stm32f1xx_hal_rcc.o
       400         28         18          0          0       2513   stm32f1xx_hal_rcc_ex.o
      2026         24          0          0          0      15681   stm32f1xx_hal_uart.o
       134         22          0          0          0       5933   stm32f1xx_it.o
         2          0         24          4          0       1167   system_stm32f1xx.o
       232         30          0          2       1140       2045   usart.o

    ----------------------------------------------------------------------
     11186       1070       2424         48       3784     530738   Object Totals
         0          0         32          0          0          0   (incl. Generated)
        16          0          0          6          4          0   (incl. Padding)

    ----------------------------------------------------------------------

      Code (inc. data)   RO Data    RW Data    ZI Data      Debug   Library Member Name

         8          0          0          0          0         68   __main.o
       104          0          0          0          0         84   __printf.o
         0          0          0          0          0          0   __rtentry.o
        12          0          0          0          0          0   __rtentry2.o
         6          0          0          0          0          0   __rtentry4.o
        52          8          0          0          0          0   __scatter.o
        26          0          0          0          0          0   __scatter_copy.o
        28          0          0          0          0          0   __scatter_zi.o
        28          0          0          0          0         68   _chval.o
        48          6          0          0          0         96   _printf_char_common.o
         6          0          0          0          0          0   _printf_d.o
       120         16          0          0          0         92   _printf_dec.o
       178          0          0          0          0         88   _printf_intcommon.o
         0          0          0          0          0          0   _printf_percent.o
         4          0          0          0          0          0   _printf_percent_end.o
        22          0          0          0          0        100   _rserrno.o
        10          0          0          0          0         68   _sputc.o
       158          0          0          0          0         92   _strtoul.o
        26          0          0          0          0         80   atoi.o
        18          0          0          0          0         80   exit.o
         6          0          0          0          0        152   heapauxi.o
         0          0          0          0          0          0   indicate_semi.o
        44         10        272          0          0         76   lc_ctype_c.o
         2          0          0          0          0          0   libinit.o
        20          0          0          0          0          0   libinit2.o
         2          0          0          0          0          0   libshutdown.o
         2          0          0          0          0          0   libshutdown2.o
         8          4          0          0         96         68   libspace.o
        38          0          0          0          0         68   llushr.o
        40          6          0          0          0         84   noretval__2sprintf.o
        16          4          0          0          0         76   rt_ctype_table.o
         8          4          0          0          0         68   rt_errno_addr_intlibspace.o
         8          4          0          0          0         68   rt_locale_intlibspace.o
        68          0          0          0          0         68   rt_memclr.o
        78          0          0          0          0         80   rt_memclr_w.o
         2          0          0          0          0          0   rtexit.o
        10          0          0          0          0          0   rtexit2.o
        20          0          0          0          0         68   strchr.o
       128          0          0          0          0         68   strcmpv7m.o
        62          0          0          0          0         76   strlen.o
       150          0          0          0          0         80   strncmp.o
        36          0          0          0          0         80   strstr.o
       112          0          0          0          0         88   strtol.o
        12          4          0          0          0         68   sys_exit.o
        74          0          0          0          0         80   sys_stackheap_outer.o
         2          0          0          0          0         68   use_no_semi.o
       826         16          0          0          0        348   daddsub_clz.o
        16          4          0          0          0         68   dcheck1.o
        24          0          0          0          0         68   dcmpi.o
       688        140          0          0          0        208   ddiv.o
        90          4          0          0          0         92   dfixu.o
        46          0          0          0          0         68   dflt_clz.o
       120          4          0          0          0         92   dleqf.o
       340         12          0          0          0        104   dmul.o
       156          4          0          0          0         92   dnaninf.o
        12          0          0          0          0         68   dretinf.o
       108          0          0          0          0         80   drleqf.o
       460         56          0          0          0        120   dsqrt_noumaal.o
       100          0          0          0          0         68   retnan.o
        92          0          0          0          0         68   scalbn.o
        48          0          0          0          0         68   trapv.o
         0          0          0          0          0          0   usenofp.o
        62         10          0          0          0        340   dunder.o
        40          0          0          0          0         68   fpclassify.o
       170          0          0          0          0         96   poly.o
      2520        190        136          0          0        324   pow.o
         0          0          8          0          0          0   qnan.o
        76          0          0          0          0         84   sqrt.o

    ----------------------------------------------------------------------
      7814        506        416          0         96       4924   Library Totals
        18          0          0          0          0          0   (incl. Padding)

    ----------------------------------------------------------------------

      Code (inc. data)   RO Data    RW Data    ZI Data      Debug   Library Name

      1802         66        272          0         96       2400   c_w.l
      3126        240          0          0          0       1612   fz_ws.l
      2868        200        144          0          0        912   m_ws.l

    ----------------------------------------------------------------------
      7814        506        416          0         96       4924   Library Totals

    ----------------------------------------------------------------------

==============================================================================


      Code (inc. data)   RO Data    RW Data    ZI Data      Debug   

     19000       1576       2840         48       3880     527754   Grand Totals
     19000       1576       2840         48       3880     527754   ELF Image Totals
     19000       1576       2840         48          0          0   ROM Totals

==============================================================================

    Total RO  Size (Code + RO Data)                21840 (  21.33kB)
    Total RW  Size (RW Data + ZI Data)              3928 (   3.84kB)
    Total ROM Size (Code + RO Data + RW Data)      21888 (  21.38kB)

==============================================================================

