<html>
<body>
<pre>
<h1>µVision Build Log</h1>
<h2>Tool Versions:</h2>
IDE-Version: ¦ÌVision V5.38.0.0
Copyright (C) 2022 ARM Ltd and ARM Germany GmbH. All rights reserved.
License Information: rio Admin, rio, LIC=WHYH9-41S13-VE9HA-1P9V9-F08QJ-H7N6D
 
Tool Versions:
Toolchain:       MDK-ARM Plus  Version: 5.38.0.0
Toolchain Path:  C:\Keil_v5\ARM\ARMCC\Bin
C Compiler:      Armcc.exe V5.06 update 6 (build 750)
Assembler:       Armasm.exe V5.06 update 6 (build 750)
Linker/Locator:  ArmLink.exe V5.06 update 6 (build 750)
Library Manager: ArmAr.exe V5.06 update 6 (build 750)
Hex Converter:   FromElf.exe V5.06 update 6 (build 750)
CPU DLL:         SARMCM3.DLL V5.38.0.0
Dialog DLL:      DCM.DLL V1.17.5.0
Target DLL:      CMSIS_AGDI.dll V1.33.15.0
Dialog DLL:      TCM.DLL V1.56.4.0
 
<h2>Project:</h2>
C:\Users\Admin\Desktop\0312\Ultraviolet-_intensity-_detection\MDK-ARM\Ultraviolet _intensity _detection.uvprojx
Project File Date:  03/12/2026

<h2>Output:</h2>
*** Using Compiler 'V5.06 update 6 (build 750)', folder: 'C:\Keil_v5\ARM\ARMCC\Bin'
Build target 'Ultraviolet _intensity _detection'
compiling direct_8266.c...
..\App\direct_8266.c(48): warning:  #177-D: variable "send_data1"  was declared but never referenced
  			char send_data1[50]={0};
..\App\direct_8266.c(60): warning:  #177-D: variable "i"  was declared but never referenced
  	static int i=0;
..\App\direct_8266.c(62): warning:  #177-D: variable "wifi_disconnect"  was declared but never referenced
     char *wifi_disconnect = "0,CLOSE";
..\App\direct_8266.c(63): warning:  #177-D: variable "lay1on"  was declared but never referenced
  	char *lay1on = "\r\n+IPD,0,6:lay1on";
..\App\direct_8266.c(64): warning:  #177-D: variable "lay1off"  was declared but never referenced
  	char *lay1off = "\r\n+IPD,0,7:lay1off";	
..\App\direct_8266.c(66): warning:  #177-D: variable "lay2on"  was declared but never referenced
  	char *lay2on = "\r\n+IPD,0,6:lay2on";
..\App\direct_8266.c(67): warning:  #177-D: variable "lay2off"  was declared but never referenced
  	char *lay2off = "\r\n+IPD,0,7:lay2off";		
..\App\direct_8266.c(69): warning:  #177-D: variable "fanon"  was declared but never referenced
  	char *fanon = "\r\n+IPD,0,5:fanon";
..\App\direct_8266.c(70): warning:  #177-D: variable "fanoff"  was declared but never referenced
  	char *fanoff = "\r\n+IPD,0,6:fanoff";
..\App\direct_8266.c: 9 warnings, 0 errors
compiling main.c...
../Core/Src/main.c(177): warning:  #223-D: function "sprintf" declared implicitly
          sprintf(wifi_data, "UV:%d", adc_value);
../Core/Src/main.c(178): warning:  #223-D: function "strlen" declared implicitly
          send_wifi(wifi_data, strlen(wifi_data));
../Core/Src/main.c: 2 warnings, 0 errors
linking...
Program Size: Code=17736 RO-data=2568 RW-data=44 ZI-data=3876  
FromELF: creating hex file...
"Ultraviolet _intensity _detection\Ultraviolet _intensity _detection.axf" - 0 Error(s), 11 Warning(s).

<h2>Software Packages used:</h2>

Package Vendor: ARM
                http://www.keil.com/pack/ARM.CMSIS.5.9.0.pack
                ARM.CMSIS.5.9.0
                CMSIS (Common Microcontroller Software Interface Standard)
   * Component: CORE Version: 5.6.0

Package Vendor: Keil
                https://www.keil.com/pack/Keil.STM32F1xx_DFP.2.4.1.pack
                Keil.STM32F1xx_DFP.2.4.1
                STMicroelectronics STM32F1 Series Device Support, Drivers and Examples

<h2>Collection of Component include folders:</h2>
  ./RTE/_Ultraviolet__intensity__detection
  C:/Users/Admin/AppData/Local/Arm/Packs/ARM/CMSIS/5.9.0/CMSIS/Core/Include
  C:/Users/Admin/AppData/Local/Arm/Packs/Keil/STM32F1xx_DFP/2.4.1/Device/Include

<h2>Collection of Component Files used:</h2>

   * Component: ARM::CMSIS:CORE:5.6.0
      Include file:  CMSIS/Core/Include/tz_context.h
Build Time Elapsed:  00:00:01
</pre>
</body>
</html>
